[     743ms] [LOG] - init tea async @ https://res.volccdn.com/obj/volc-console-fe/volc/web-data-sdk/1.0.0.46/cnSdk/initTeaSdk.js:12
[     808ms] [ERROR] can no read vconsoleAppInfo from window object @ https://res.volccdn.com/obj/volc-console-fe/vconsole-vendors/volc-information.9d1c72b5.js:12
[     809ms] [ERROR] can no read vconsoleAppInfo from window object @ https://res.volccdn.com/obj/volc-console-fe/vconsole-vendors/volc-information.9d1c72b5.js:12
[     860ms] [INFO] [MonitorTracer] init successfully! version: 0.21.0 @ https://res.volccdn.com/obj/volc-console-fe/volc/web-data-sdk/1.0.0.46/cnSdk/initTeaSdk.js:6
[     885ms] [LOG] libraGroup=====> undefined @ https://portal.volccdn.com/obj/volcfe-scm/doccenter/static/js/main.f4903a29.js:0
[     922ms] [ERROR] can no read vconsoleAppInfo from window object @ https://portal.volccdn.com/obj/volcfe-scm/doccenter/static/js/async/docs/(libid)/(docid$)/page.05aa2cb9.js:1
[     922ms] [LOG] {} affixProps @ https://portal.volccdn.com/obj/volcfe-scm/doccenter/static/js/async/docs/(libid)/(docid$)/page.05aa2cb9.js:1
[     942ms] [LOG] libraGroup=====> ctrst_grp @ https://portal.volccdn.com/obj/volcfe-scm/doccenter/static/js/main.f4903a29.js:0
[     943ms] [LOG] {} affixProps @ https://portal.volccdn.com/obj/volcfe-scm/doccenter/static/js/async/docs/(libid)/(docid$)/page.05aa2cb9.js:1
[     951ms] [LOG] libraGroup=====> ctrst_grp @ https://portal.volccdn.com/obj/volcfe-scm/doccenter/static/js/main.f4903a29.js:0
[     955ms] [WARNING] The web fetch in browser environment has not psm field @ https://portal.volccdn.com/obj/volcfe-scm/doccenter/static/js/380.ff451302.js:1
[     955ms] [WARNING] The web fetch in browser environment has not psm field @ https://portal.volccdn.com/obj/volcfe-scm/doccenter/static/js/380.ff451302.js:1
[    1456ms] [ERROR] Failed to load resource: the server responded with a status of 401 () @ https://console.volcengine.com/api/passport/account/getUser:0
[    1457ms] [LOG] {} affixProps @ https://portal.volccdn.com/obj/volcfe-scm/doccenter/static/js/async/docs/(libid)/(docid$)/page.05aa2cb9.js:1
[    1467ms] [LOG] {} affixProps @ https://portal.volccdn.com/obj/volcfe-scm/doccenter/static/js/async/docs/(libid)/(docid$)/page.05aa2cb9.js:1
[    1501ms] [LOG] libraGroup=====> ctrst_grp @ https://portal.volccdn.com/obj/volcfe-scm/doccenter/static/js/main.f4903a29.js:0
[    1502ms] [LOG] {} affixProps @ https://portal.volccdn.com/obj/volcfe-scm/doccenter/static/js/async/docs/(libid)/(docid$)/page.05aa2cb9.js:1
[    1504ms] [WARNING] The web fetch in browser environment has not psm field @ https://portal.volccdn.com/obj/volcfe-scm/doccenter/static/js/380.ff451302.js:1
[    1613ms] [LOG] ========= undefined @ https://portal.volccdn.com/obj/volcfe-scm/doccenter/static/js/main.f4903a29.js:0
[    1766ms] [LOG] {} affixProps @ https://portal.volccdn.com/obj/volcfe-scm/doccenter/static/js/async/docs/(libid)/(docid$)/page.05aa2cb9.js:1
[    1830ms] [ERROR] can no read vconsoleAppInfo from window object @ https://res.volccdn.com/obj/volc-console-fe/vcopilot-entry/web/static/js/8199.b73ea5f4.js:1
[    1969ms] [ERROR] can no read vconsoleAppInfo from window object @ https://res.volccdn.com/obj/volc-console-fe/vcopilot-entry/web/static/js/async/7585.fb588188.js:109
[    2071ms] [ERROR] `volcfContext` not found, please use `waitForVolcf` to wait for volcf to be loaded. @ https://res.volccdn.com/obj/volc-console-fe/vcopilot-entry/web/static/js/8199.b73ea5f4.js:1
[    2071ms] [ERROR] `volcfContext` not found, please use `waitForVolcf` to wait for volcf to be loaded. @ https://res.volccdn.com/obj/volc-console-fe/vcopilot-entry/web/static/js/8199.b73ea5f4.js:1
[    2083ms] [WARNING] Failed to execute 'postMessage' on 'DOMWindow': The target origin provided ('https://signin.volcengine.com') does not match the recipient window's origin ('https://www.volcengine.com'). @ https://res.volccdn.com/obj/volc-console-fe/vcopilot-entry/web/static/js/async/7585.fb588188.js:109
[    2088ms] [INFO] [ErrorRecommend][WebRuntimeGate] Resolved page error recommend gate {gate: Object, errorRecommendWhiteList: Array(0)} @ https://res.volccdn.com/obj/volc-console-fe/vcopilot-entry/web/static/js/async/1433.29c58a4f.js:47
[    2088ms] [INFO] [ErrorRecommend][Coordinator] Updating coordinator enabled state {href: https://www.volcengine.com/docs/6561/2528925?lang=zh, isTopWindow: true, payload: Object} @ https://res.volccdn.com/obj/volc-console-fe/vcopilot-entry/web/static/js/async/1433.29c58a4f.js:47
[    2089ms] [INFO] [ErrorRecommend][Coordinator] Updating coordinator enabled state {href: https://www.volcengine.com/docs/6561/2528925?lang=zh, isTopWindow: true, payload: Object} @ https://res.volccdn.com/obj/volc-console-fe/vcopilot-entry/web/static/js/async/1433.29c58a4f.js:47
[    2089ms] [INFO] [ErrorRecommend][Coordinator] Initializing page error recommend coordinator {href: https://www.volcengine.com/docs/6561/2528925?lang=zh, isTopWindow: true} @ https://res.volccdn.com/obj/volc-console-fe/vcopilot-entry/web/static/js/async/1433.29c58a4f.js:47
[    2095ms] [INFO] [ErrorRecommend][Coordinator] Disposing page error recommend coordinator {href: https://www.volcengine.com/docs/6561/2528925?lang=zh, isTopWindow: true} @ https://res.volccdn.com/obj/volc-console-fe/vcopilot-entry/web/static/js/async/1433.29c58a4f.js:47
[    2095ms] [INFO] [ErrorRecommend][Coordinator] Clearing current coordinator state {href: https://www.volcengine.com/docs/6561/2528925?lang=zh, isTopWindow: true, payload: Object} @ https://res.volccdn.com/obj/volc-console-fe/vcopilot-entry/web/static/js/async/1433.29c58a4f.js:47
[    2095ms] [INFO] [ErrorRecommend][WebRuntimeGate] Resolved page error recommend gate {gate: Object, errorRecommendWhiteList: Array(0)} @ https://res.volccdn.com/obj/volc-console-fe/vcopilot-entry/web/static/js/async/1433.29c58a4f.js:47
[    2095ms] [INFO] [ErrorRecommend][Coordinator] Updating coordinator enabled state {href: https://www.volcengine.com/docs/6561/2528925?lang=zh, isTopWindow: true, payload: Object} @ https://res.volccdn.com/obj/volc-console-fe/vcopilot-entry/web/static/js/async/1433.29c58a4f.js:47
[    2096ms] [WARNING] CommonJSONRPCProtocol: method vcopilot/set-ui-config already has request handler, override. @ https://res.volccdn.com/obj/volc-console-fe/vcopilot-entry/web/static/js/async/1433.29c58a4f.js:2
[    2096ms] [WARNING] CommonJSONRPCProtocol: method vcopilot/get-display-state already has request handler, override. @ https://res.volccdn.com/obj/volc-console-fe/vcopilot-entry/web/static/js/async/1433.29c58a4f.js:2
[    2096ms] [WARNING] CommonJSONRPCProtocol: method vcopilot/iframe/proxy-jsonrpc-notification already has notification handler, override. @ https://res.volccdn.com/obj/volc-console-fe/vcopilot-entry/web/static/js/async/1433.29c58a4f.js:2
[    2096ms] [INFO] [ErrorRecommend][Coordinator] Updating coordinator enabled state {href: https://www.volcengine.com/docs/6561/2528925?lang=zh, isTopWindow: true, payload: Object} @ https://res.volccdn.com/obj/volc-console-fe/vcopilot-entry/web/static/js/async/1433.29c58a4f.js:47
[    2096ms] [INFO] [ErrorRecommend][Coordinator] Initializing page error recommend coordinator {href: https://www.volcengine.com/docs/6561/2528925?lang=zh, isTopWindow: true} @ https://res.volccdn.com/obj/volc-console-fe/vcopilot-entry/web/static/js/async/1433.29c58a4f.js:47
[    2178ms] [WARNING] Failed to execute 'postMessage' on 'DOMWindow': The target origin provided ('https://signin.volcengine.com') does not match the recipient window's origin ('https://www.volcengine.com'). @ https://res.volccdn.com/obj/volc-console-fe/vcopilot-entry/web/static/js/async/7585.fb588188.js:109
[    2310ms] [INFO] [ErrorRecommend][WebRuntimeGate] Resolved page error recommend gate {gate: Object, errorRecommendWhiteList: Array(2)} @ https://res.volccdn.com/obj/volc-console-fe/vcopilot-entry/web/static/js/async/1433.29c58a4f.js:47
[    2310ms] [INFO] [ErrorRecommend][Coordinator] Updating coordinator enabled state {href: https://www.volcengine.com/docs/6561/2528925?lang=zh, isTopWindow: true, payload: Object} @ https://res.volccdn.com/obj/volc-console-fe/vcopilot-entry/web/static/js/async/1433.29c58a4f.js:47
[    2311ms] [TIMEEND] vcopilot-FastSigninInit: 234.300048828125 ms @ https://res.volccdn.com/obj/volc-console-fe/vcopilot-entry/web/static/js/async/1433.29c58a4f.js:36
[    2421ms] [INFO] [ErrorRecommend][WebRuntimeGate] Resolved page error recommend gate {gate: Object, errorRecommendWhiteList: Array(2)} @ https://res.volccdn.com/obj/volc-console-fe/vcopilot-entry/web/static/js/async/1433.29c58a4f.js:47
[    2422ms] [INFO] [ErrorRecommend][Coordinator] Updating coordinator enabled state {href: https://www.volcengine.com/docs/6561/2528925?lang=zh, isTopWindow: true, payload: Object} @ https://res.volccdn.com/obj/volc-console-fe/vcopilot-entry/web/static/js/async/1433.29c58a4f.js:47
[    4291ms] [LOG] - init tea async @ https://res.volccdn.com/obj/volc-console-fe/volc/web-data-sdk/1.0.0.46/cnSdk/initTeaSdk.js:12
[    4325ms] [INFO] [MonitorTracer] init successfully! version: 0.21.0 @ https://res.volccdn.com/obj/volc-console-fe/volc/web-data-sdk/1.0.0.46/cnSdk/initTeaSdk.js:6
[    4351ms] [ERROR] can no read vconsoleAppInfo from window object @ https://res.volccdn.com/obj/volc-console-fe/vconsole-vendors/volc-information.9d1c72b5.js:12
[    4352ms] [ERROR] can no read vconsoleAppInfo from window object @ https://res.volccdn.com/obj/volc-console-fe/vconsole-vendors/volc-information.9d1c72b5.js:12
[    4371ms] [LOG] libraGroup=====> undefined @ https://portal.volccdn.com/obj/volcfe-scm/doccenter/static/js/main.f4903a29.js:0
[    4382ms] [ERROR] can no read vconsoleAppInfo from window object @ https://portal.volccdn.com/obj/volcfe-scm/doccenter/static/js/async/docs/(libid)/(docid$)/page.05aa2cb9.js:1
[    4382ms] [LOG] {} affixProps @ https://portal.volccdn.com/obj/volcfe-scm/doccenter/static/js/async/docs/(libid)/(docid$)/page.05aa2cb9.js:1
[    4406ms] [LOG] libraGroup=====> ctrst_grp @ https://portal.volccdn.com/obj/volcfe-scm/doccenter/static/js/main.f4903a29.js:0
[    4407ms] [LOG] {} affixProps @ https://portal.volccdn.com/obj/volcfe-scm/doccenter/static/js/async/docs/(libid)/(docid$)/page.05aa2cb9.js:1
[    4413ms] [LOG] libraGroup=====> ctrst_grp @ https://portal.volccdn.com/obj/volcfe-scm/doccenter/static/js/main.f4903a29.js:0
[    4491ms] [LOG] Deprecated as of 10.7.0. highlight(lang, code, ...args) has been deprecated. @ https://portal.volccdn.com/obj/volcfe-scm/doccenter/static/js/async/viewer-v2.20fb16cf.js:1
[    4491ms] [LOG] Deprecated as of 10.7.0. Please use highlight(code, options) instead.
https://github.com/highlightjs/highlight.js/issues/2277 @ https://portal.volccdn.com/obj/volcfe-scm/doccenter/static/js/async/viewer-v2.20fb16cf.js:1
[    4713ms] [LOG] {} affixProps @ https://portal.volccdn.com/obj/volcfe-scm/doccenter/static/js/async/docs/(libid)/(docid$)/page.05aa2cb9.js:1
[    4725ms] [WARNING] The web fetch in browser environment has not psm field @ https://portal.volccdn.com/obj/volcfe-scm/doccenter/static/js/380.ff451302.js:1
[    4725ms] [WARNING] The web fetch in browser environment has not psm field @ https://portal.volccdn.com/obj/volcfe-scm/doccenter/static/js/380.ff451302.js:1
[    4777ms] [LOG] {} affixProps @ https://portal.volccdn.com/obj/volcfe-scm/doccenter/static/js/async/docs/(libid)/(docid$)/page.05aa2cb9.js:1
[    4778ms] [WARNING] The web fetch in browser environment has not psm field @ https://portal.volccdn.com/obj/volcfe-scm/doccenter/static/js/380.ff451302.js:1
[    4848ms] [LOG] {} affixProps @ https://portal.volccdn.com/obj/volcfe-scm/doccenter/static/js/async/docs/(libid)/(docid$)/page.05aa2cb9.js:1
[    4933ms] [ERROR] Failed to load resource: the server responded with a status of 401 () @ https://console.volcengine.com/api/passport/account/getUser:0
[    4993ms] [LOG] libraGroup=====> ctrst_grp @ https://portal.volccdn.com/obj/volcfe-scm/doccenter/static/js/main.f4903a29.js:0
[    5078ms] [LOG] ========= undefined @ https://portal.volccdn.com/obj/volcfe-scm/doccenter/static/js/main.f4903a29.js:0
[    5100ms] [LOG] {} affixProps @ https://portal.volccdn.com/obj/volcfe-scm/doccenter/static/js/async/docs/(libid)/(docid$)/page.05aa2cb9.js:1
[    5299ms] [ERROR] can no read vconsoleAppInfo from window object @ https://res.volccdn.com/obj/volc-console-fe/vcopilot-entry/web/static/js/8199.b73ea5f4.js:1
[    5352ms] [ERROR] can no read vconsoleAppInfo from window object @ https://res.volccdn.com/obj/volc-console-fe/vcopilot-entry/web/static/js/async/7585.fb588188.js:109
[    5424ms] [ERROR] `volcfContext` not found, please use `waitForVolcf` to wait for volcf to be loaded. @ https://res.volccdn.com/obj/volc-console-fe/vcopilot-entry/web/static/js/8199.b73ea5f4.js:1
[    5424ms] [ERROR] `volcfContext` not found, please use `waitForVolcf` to wait for volcf to be loaded. @ https://res.volccdn.com/obj/volc-console-fe/vcopilot-entry/web/static/js/8199.b73ea5f4.js:1
[    5429ms] [WARNING] Failed to execute 'postMessage' on 'DOMWindow': The target origin provided ('https://signin.volcengine.com') does not match the recipient window's origin ('https://www.volcengine.com'). @ https://res.volccdn.com/obj/volc-console-fe/vcopilot-entry/web/static/js/async/7585.fb588188.js:109
[    5430ms] [INFO] [ErrorRecommend][WebRuntimeGate] Resolved page error recommend gate {gate: Object, errorRecommendWhiteList: Array(0)} @ https://res.volccdn.com/obj/volc-console-fe/vcopilot-entry/web/static/js/async/1433.29c58a4f.js:47
[    5430ms] [INFO] [ErrorRecommend][Coordinator] Updating coordinator enabled state {href: https://www.volcengine.com/docs/6561/2532486?lang=zh, isTopWindow: true, payload: Object} @ https://res.volccdn.com/obj/volc-console-fe/vcopilot-entry/web/static/js/async/1433.29c58a4f.js:47
[    5431ms] [INFO] [ErrorRecommend][Coordinator] Updating coordinator enabled state {href: https://www.volcengine.com/docs/6561/2532486?lang=zh, isTopWindow: true, payload: Object} @ https://res.volccdn.com/obj/volc-console-fe/vcopilot-entry/web/static/js/async/1433.29c58a4f.js:47
[    5431ms] [INFO] [ErrorRecommend][Coordinator] Initializing page error recommend coordinator {href: https://www.volcengine.com/docs/6561/2532486?lang=zh, isTopWindow: true} @ https://res.volccdn.com/obj/volc-console-fe/vcopilot-entry/web/static/js/async/1433.29c58a4f.js:47
[    5432ms] [INFO] [ErrorRecommend][Coordinator] Disposing page error recommend coordinator {href: https://www.volcengine.com/docs/6561/2532486?lang=zh, isTopWindow: true} @ https://res.volccdn.com/obj/volc-console-fe/vcopilot-entry/web/static/js/async/1433.29c58a4f.js:47
[    5432ms] [INFO] [ErrorRecommend][Coordinator] Clearing current coordinator state {href: https://www.volcengine.com/docs/6561/2532486?lang=zh, isTopWindow: true, payload: Object} @ https://res.volccdn.com/obj/volc-console-fe/vcopilot-entry/web/static/js/async/1433.29c58a4f.js:47
[    5432ms] [INFO] [ErrorRecommend][WebRuntimeGate] Resolved page error recommend gate {gate: Object, errorRecommendWhiteList: Array(0)} @ https://res.volccdn.com/obj/volc-console-fe/vcopilot-entry/web/static/js/async/1433.29c58a4f.js:47
[    5432ms] [INFO] [ErrorRecommend][Coordinator] Updating coordinator enabled state {href: https://www.volcengine.com/docs/6561/2532486?lang=zh, isTopWindow: true, payload: Object} @ https://res.volccdn.com/obj/volc-console-fe/vcopilot-entry/web/static/js/async/1433.29c58a4f.js:47
[    5432ms] [WARNING] CommonJSONRPCProtocol: method vcopilot/set-ui-config already has request handler, override. @ https://res.volccdn.com/obj/volc-console-fe/vcopilot-entry/web/static/js/async/1433.29c58a4f.js:2
[    5432ms] [WARNING] CommonJSONRPCProtocol: method vcopilot/get-display-state already has request handler, override. @ https://res.volccdn.com/obj/volc-console-fe/vcopilot-entry/web/static/js/async/1433.29c58a4f.js:2
[    5432ms] [WARNING] CommonJSONRPCProtocol: method vcopilot/iframe/proxy-jsonrpc-notification already has notification handler, override. @ https://res.volccdn.com/obj/volc-console-fe/vcopilot-entry/web/static/js/async/1433.29c58a4f.js:2
[    5432ms] [INFO] [ErrorRecommend][Coordinator] Updating coordinator enabled state {href: https://www.volcengine.com/docs/6561/2532486?lang=zh, isTopWindow: true, payload: Object} @ https://res.volccdn.com/obj/volc-console-fe/vcopilot-entry/web/static/js/async/1433.29c58a4f.js:47
[    5432ms] [INFO] [ErrorRecommend][Coordinator] Initializing page error recommend coordinator {href: https://www.volcengine.com/docs/6561/2532486?lang=zh, isTopWindow: true} @ https://res.volccdn.com/obj/volc-console-fe/vcopilot-entry/web/static/js/async/1433.29c58a4f.js:47
[    5529ms] [WARNING] Failed to execute 'postMessage' on 'DOMWindow': The target origin provided ('https://signin.volcengine.com') does not match the recipient window's origin ('https://www.volcengine.com'). @ https://res.volccdn.com/obj/volc-console-fe/vcopilot-entry/web/static/js/async/7585.fb588188.js:109
[    5581ms] [TIMEEND] vcopilot-FastSigninInit: 153.400146484375 ms @ https://res.volccdn.com/obj/volc-console-fe/vcopilot-entry/web/static/js/async/1433.29c58a4f.js:36
[    5595ms] [INFO] [ErrorRecommend][WebRuntimeGate] Resolved page error recommend gate {gate: Object, errorRecommendWhiteList: Array(2)} @ https://res.volccdn.com/obj/volc-console-fe/vcopilot-entry/web/static/js/async/1433.29c58a4f.js:47
[    5595ms] [INFO] [ErrorRecommend][Coordinator] Updating coordinator enabled state {href: https://www.volcengine.com/docs/6561/2532486?lang=zh, isTopWindow: true, payload: Object} @ https://res.volccdn.com/obj/volc-console-fe/vcopilot-entry/web/static/js/async/1433.29c58a4f.js:47
[    5807ms] [INFO] [ErrorRecommend][WebRuntimeGate] Resolved page error recommend gate {gate: Object, errorRecommendWhiteList: Array(2)} @ https://res.volccdn.com/obj/volc-console-fe/vcopilot-entry/web/static/js/async/1433.29c58a4f.js:47
[    5808ms] [INFO] [ErrorRecommend][Coordinator] Updating coordinator enabled state {href: https://www.volcengine.com/docs/6561/2532486?lang=zh, isTopWindow: true, payload: Object} @ https://res.volccdn.com/obj/volc-console-fe/vcopilot-entry/web/static/js/async/1433.29c58a4f.js:47
[    8081ms] [LOG] - init tea async @ https://res.volccdn.com/obj/volc-console-fe/volc/web-data-sdk/1.0.0.46/cnSdk/initTeaSdk.js:12
[    8089ms] [ERROR] can no read vconsoleAppInfo from window object @ https://res.volccdn.com/obj/volc-console-fe/vconsole-vendors/volc-information.9d1c72b5.js:12
[    8090ms] [ERROR] can no read vconsoleAppInfo from window object @ https://res.volccdn.com/obj/volc-console-fe/vconsole-vendors/volc-information.9d1c72b5.js:12
[    8109ms] [INFO] [MonitorTracer] init successfully! version: 0.21.0 @ https://res.volccdn.com/obj/volc-console-fe/volc/web-data-sdk/1.0.0.46/cnSdk/initTeaSdk.js:6
[    8155ms] [ERROR] can no read vconsoleAppInfo from window object @ https://portal.volccdn.com/obj/volcfe-scm/doccenter/static/js/async/docs/(libid)/(docid$)/page.05aa2cb9.js:1
[    8421ms] [LOG] libraGroup=====> undefined @ https://portal.volccdn.com/obj/volcfe-scm/doccenter/static/js/main.f4903a29.js:0
[    8429ms] [LOG] libraGroup=====> ctrst_grp @ https://portal.volccdn.com/obj/volcfe-scm/doccenter/static/js/main.f4903a29.js:0
[    8431ms] [LOG] {} affixProps @ https://portal.volccdn.com/obj/volcfe-scm/doccenter/static/js/async/docs/(libid)/(docid$)/page.05aa2cb9.js:1
[    8586ms] [WARNING] The web fetch in browser environment has not psm field @ https://portal.volccdn.com/obj/volcfe-scm/doccenter/static/js/380.ff451302.js:1
[    8586ms] [WARNING] The web fetch in browser environment has not psm field @ https://portal.volccdn.com/obj/volcfe-scm/doccenter/static/js/380.ff451302.js:1
[    8592ms] [LOG] libraGroup=====> ctrst_grp @ https://portal.volccdn.com/obj/volcfe-scm/doccenter/static/js/main.f4903a29.js:0
[    8593ms] [LOG] {} affixProps @ https://portal.volccdn.com/obj/volcfe-scm/doccenter/static/js/async/docs/(libid)/(docid$)/page.05aa2cb9.js:1
[    8652ms] [LOG] libraGroup=====> ctrst_grp @ https://portal.volccdn.com/obj/volcfe-scm/doccenter/static/js/main.f4903a29.js:0
[    8747ms] [LOG] {} affixProps @ https://portal.volccdn.com/obj/volcfe-scm/doccenter/static/js/async/docs/(libid)/(docid$)/page.05aa2cb9.js:1
[    8793ms] [LOG] {} affixProps @ https://portal.volccdn.com/obj/volcfe-scm/doccenter/static/js/async/docs/(libid)/(docid$)/page.05aa2cb9.js:1
[    8794ms] [WARNING] The web fetch in browser environment has not psm field @ https://portal.volccdn.com/obj/volcfe-scm/doccenter/static/js/380.ff451302.js:1
[    8798ms] [ERROR] Failed to load resource: the server responded with a status of 401 () @ https://console.volcengine.com/api/passport/account/getUser:0
[    8929ms] [LOG] {} affixProps @ https://portal.volccdn.com/obj/volcfe-scm/doccenter/static/js/async/docs/(libid)/(docid$)/page.05aa2cb9.js:1
[    9012ms] [ERROR] can no read vconsoleAppInfo from window object @ https://res.volccdn.com/obj/volc-console-fe/vcopilot-entry/web/static/js/8199.b73ea5f4.js:1
[    9035ms] [LOG] ========= undefined @ https://portal.volccdn.com/obj/volcfe-scm/doccenter/static/js/main.f4903a29.js:0
[    9063ms] [ERROR] can no read vconsoleAppInfo from window object @ https://res.volccdn.com/obj/volc-console-fe/vcopilot-entry/web/static/js/async/7585.fb588188.js:109
[    9141ms] [ERROR] `volcfContext` not found, please use `waitForVolcf` to wait for volcf to be loaded. @ https://res.volccdn.com/obj/volc-console-fe/vcopilot-entry/web/static/js/8199.b73ea5f4.js:1
[    9141ms] [ERROR] `volcfContext` not found, please use `waitForVolcf` to wait for volcf to be loaded. @ https://res.volccdn.com/obj/volc-console-fe/vcopilot-entry/web/static/js/8199.b73ea5f4.js:1
[    9147ms] [WARNING] Failed to execute 'postMessage' on 'DOMWindow': The target origin provided ('https://signin.volcengine.com') does not match the recipient window's origin ('https://www.volcengine.com'). @ https://res.volccdn.com/obj/volc-console-fe/vcopilot-entry/web/static/js/async/7585.fb588188.js:109
[    9148ms] [INFO] [ErrorRecommend][WebRuntimeGate] Resolved page error recommend gate {gate: Object, errorRecommendWhiteList: Array(0)} @ https://res.volccdn.com/obj/volc-console-fe/vcopilot-entry/web/static/js/async/1433.29c58a4f.js:47
[    9148ms] [INFO] [ErrorRecommend][Coordinator] Updating coordinator enabled state {href: https://www.volcengine.com/docs/6561/2227958?lang=zh, isTopWindow: true, payload: Object} @ https://res.volccdn.com/obj/volc-console-fe/vcopilot-entry/web/static/js/async/1433.29c58a4f.js:47
[    9149ms] [INFO] [ErrorRecommend][Coordinator] Updating coordinator enabled state {href: https://www.volcengine.com/docs/6561/2227958?lang=zh, isTopWindow: true, payload: Object} @ https://res.volccdn.com/obj/volc-console-fe/vcopilot-entry/web/static/js/async/1433.29c58a4f.js:47
[    9149ms] [INFO] [ErrorRecommend][Coordinator] Initializing page error recommend coordinator {href: https://www.volcengine.com/docs/6561/2227958?lang=zh, isTopWindow: true} @ https://res.volccdn.com/obj/volc-console-fe/vcopilot-entry/web/static/js/async/1433.29c58a4f.js:47
[    9150ms] [INFO] [ErrorRecommend][Coordinator] Disposing page error recommend coordinator {href: https://www.volcengine.com/docs/6561/2227958?lang=zh, isTopWindow: true} @ https://res.volccdn.com/obj/volc-console-fe/vcopilot-entry/web/static/js/async/1433.29c58a4f.js:47
[    9150ms] [INFO] [ErrorRecommend][Coordinator] Clearing current coordinator state {href: https://www.volcengine.com/docs/6561/2227958?lang=zh, isTopWindow: true, payload: Object} @ https://res.volccdn.com/obj/volc-console-fe/vcopilot-entry/web/static/js/async/1433.29c58a4f.js:47
[    9150ms] [INFO] [ErrorRecommend][WebRuntimeGate] Resolved page error recommend gate {gate: Object, errorRecommendWhiteList: Array(0)} @ https://res.volccdn.com/obj/volc-console-fe/vcopilot-entry/web/static/js/async/1433.29c58a4f.js:47
[    9150ms] [INFO] [ErrorRecommend][Coordinator] Updating coordinator enabled state {href: https://www.volcengine.com/docs/6561/2227958?lang=zh, isTopWindow: true, payload: Object} @ https://res.volccdn.com/obj/volc-console-fe/vcopilot-entry/web/static/js/async/1433.29c58a4f.js:47
[    9150ms] [WARNING] CommonJSONRPCProtocol: method vcopilot/set-ui-config already has request handler, override. @ https://res.volccdn.com/obj/volc-console-fe/vcopilot-entry/web/static/js/async/1433.29c58a4f.js:2
[    9150ms] [WARNING] CommonJSONRPCProtocol: method vcopilot/get-display-state already has request handler, override. @ https://res.volccdn.com/obj/volc-console-fe/vcopilot-entry/web/static/js/async/1433.29c58a4f.js:2
[    9150ms] [WARNING] CommonJSONRPCProtocol: method vcopilot/iframe/proxy-jsonrpc-notification already has notification handler, override. @ https://res.volccdn.com/obj/volc-console-fe/vcopilot-entry/web/static/js/async/1433.29c58a4f.js:2
[    9150ms] [INFO] [ErrorRecommend][Coordinator] Updating coordinator enabled state {href: https://www.volcengine.com/docs/6561/2227958?lang=zh, isTopWindow: true, payload: Object} @ https://res.volccdn.com/obj/volc-console-fe/vcopilot-entry/web/static/js/async/1433.29c58a4f.js:47
[    9150ms] [INFO] [ErrorRecommend][Coordinator] Initializing page error recommend coordinator {href: https://www.volcengine.com/docs/6561/2227958?lang=zh, isTopWindow: true} @ https://res.volccdn.com/obj/volc-console-fe/vcopilot-entry/web/static/js/async/1433.29c58a4f.js:47
[    9246ms] [WARNING] Failed to execute 'postMessage' on 'DOMWindow': The target origin provided ('https://signin.volcengine.com') does not match the recipient window's origin ('https://www.volcengine.com'). @ https://res.volccdn.com/obj/volc-console-fe/vcopilot-entry/web/static/js/async/7585.fb588188.js:109
[    9301ms] [TIMEEND] vcopilot-FastSigninInit: 156.12890625 ms @ https://res.volccdn.com/obj/volc-console-fe/vcopilot-entry/web/static/js/async/1433.29c58a4f.js:36
[    9424ms] [INFO] [ErrorRecommend][WebRuntimeGate] Resolved page error recommend gate {gate: Object, errorRecommendWhiteList: Array(2)} @ https://res.volccdn.com/obj/volc-console-fe/vcopilot-entry/web/static/js/async/1433.29c58a4f.js:47
[    9425ms] [INFO] [ErrorRecommend][Coordinator] Updating coordinator enabled state {href: https://www.volcengine.com/docs/6561/2227958?lang=zh, isTopWindow: true, payload: Object} @ https://res.volccdn.com/obj/volc-console-fe/vcopilot-entry/web/static/js/async/1433.29c58a4f.js:47
[    9601ms] [INFO] [ErrorRecommend][WebRuntimeGate] Resolved page error recommend gate {gate: Object, errorRecommendWhiteList: Array(2)} @ https://res.volccdn.com/obj/volc-console-fe/vcopilot-entry/web/static/js/async/1433.29c58a4f.js:47
[    9601ms] [INFO] [ErrorRecommend][Coordinator] Updating coordinator enabled state {href: https://www.volcengine.com/docs/6561/2227958?lang=zh, isTopWindow: true, payload: Object} @ https://res.volccdn.com/obj/volc-console-fe/vcopilot-entry/web/static/js/async/1433.29c58a4f.js:47
[   11655ms] [LOG] - init tea async @ https://res.volccdn.com/obj/volc-console-fe/volc/web-data-sdk/1.0.0.46/cnSdk/initTeaSdk.js:12
[   11683ms] [INFO] [MonitorTracer] init successfully! version: 0.21.0 @ https://res.volccdn.com/obj/volc-console-fe/volc/web-data-sdk/1.0.0.46/cnSdk/initTeaSdk.js:6
[   11689ms] [ERROR] can no read vconsoleAppInfo from window object @ https://res.volccdn.com/obj/volc-console-fe/vconsole-vendors/volc-information.9d1c72b5.js:12
[   11690ms] [ERROR] can no read vconsoleAppInfo from window object @ https://res.volccdn.com/obj/volc-console-fe/vconsole-vendors/volc-information.9d1c72b5.js:12
[   11706ms] [LOG] libraGroup=====> undefined @ https://portal.volccdn.com/obj/volcfe-scm/doccenter/static/js/main.f4903a29.js:0
[   11717ms] [ERROR] can no read vconsoleAppInfo from window object @ https://portal.volccdn.com/obj/volcfe-scm/doccenter/static/js/async/docs/(libid)/(docid$)/page.05aa2cb9.js:1
[   11717ms] [LOG] {} affixProps @ https://portal.volccdn.com/obj/volcfe-scm/doccenter/static/js/async/docs/(libid)/(docid$)/page.05aa2cb9.js:1
[   11758ms] [LOG] libraGroup=====> ctrst_grp @ https://portal.volccdn.com/obj/volcfe-scm/doccenter/static/js/main.f4903a29.js:0
[   11759ms] [LOG] {} affixProps @ https://portal.volccdn.com/obj/volcfe-scm/doccenter/static/js/async/docs/(libid)/(docid$)/page.05aa2cb9.js:1
[   11764ms] [LOG] libraGroup=====> ctrst_grp @ https://portal.volccdn.com/obj/volcfe-scm/doccenter/static/js/main.f4903a29.js:0
[   11767ms] [WARNING] The web fetch in browser environment has not psm field @ https://portal.volccdn.com/obj/volcfe-scm/doccenter/static/js/380.ff451302.js:1
[   11767ms] [WARNING] The web fetch in browser environment has not psm field @ https://portal.volccdn.com/obj/volcfe-scm/doccenter/static/js/380.ff451302.js:1
[   11861ms] [LOG] {} affixProps @ https://portal.volccdn.com/obj/volcfe-scm/doccenter/static/js/async/docs/(libid)/(docid$)/page.05aa2cb9.js:1
[   11972ms] [LOG] {} affixProps @ https://portal.volccdn.com/obj/volcfe-scm/doccenter/static/js/async/docs/(libid)/(docid$)/page.05aa2cb9.js:1
[   11972ms] [WARNING] The web fetch in browser environment has not psm field @ https://portal.volccdn.com/obj/volcfe-scm/doccenter/static/js/380.ff451302.js:1
[   11973ms] [ERROR] Failed to load resource: the server responded with a status of 401 () @ https://console.volcengine.com/api/passport/account/getUser:0
[   12044ms] [LOG] libraGroup=====> ctrst_grp @ https://portal.volccdn.com/obj/volcfe-scm/doccenter/static/js/main.f4903a29.js:0
[   12138ms] [LOG] {} affixProps @ https://portal.volccdn.com/obj/volcfe-scm/doccenter/static/js/async/docs/(libid)/(docid$)/page.05aa2cb9.js:1
[   12158ms] [ERROR] can no read vconsoleAppInfo from window object @ https://res.volccdn.com/obj/volc-console-fe/vcopilot-entry/web/static/js/8199.b73ea5f4.js:1
[   12209ms] [ERROR] can no read vconsoleAppInfo from window object @ https://res.volccdn.com/obj/volc-console-fe/vcopilot-entry/web/static/js/async/7585.fb588188.js:109
[   12280ms] [ERROR] `volcfContext` not found, please use `waitForVolcf` to wait for volcf to be loaded. @ https://res.volccdn.com/obj/volc-console-fe/vcopilot-entry/web/static/js/8199.b73ea5f4.js:1
[   12280ms] [ERROR] `volcfContext` not found, please use `waitForVolcf` to wait for volcf to be loaded. @ https://res.volccdn.com/obj/volc-console-fe/vcopilot-entry/web/static/js/8199.b73ea5f4.js:1
[   12285ms] [WARNING] Failed to execute 'postMessage' on 'DOMWindow': The target origin provided ('https://signin.volcengine.com') does not match the recipient window's origin ('https://www.volcengine.com'). @ https://res.volccdn.com/obj/volc-console-fe/vcopilot-entry/web/static/js/async/7585.fb588188.js:109
[   12286ms] [INFO] [ErrorRecommend][WebRuntimeGate] Resolved page error recommend gate {gate: Object, errorRecommendWhiteList: Array(0)} @ https://res.volccdn.com/obj/volc-console-fe/vcopilot-entry/web/static/js/async/1433.29c58a4f.js:47
[   12286ms] [INFO] [ErrorRecommend][Coordinator] Updating coordinator enabled state {href: https://www.volcengine.com/docs/6561/2298705?lang=zh, isTopWindow: true, payload: Object} @ https://res.volccdn.com/obj/volc-console-fe/vcopilot-entry/web/static/js/async/1433.29c58a4f.js:47
[   12286ms] [INFO] [ErrorRecommend][Coordinator] Updating coordinator enabled state {href: https://www.volcengine.com/docs/6561/2298705?lang=zh, isTopWindow: true, payload: Object} @ https://res.volccdn.com/obj/volc-console-fe/vcopilot-entry/web/static/js/async/1433.29c58a4f.js:47
[   12286ms] [INFO] [ErrorRecommend][Coordinator] Initializing page error recommend coordinator {href: https://www.volcengine.com/docs/6561/2298705?lang=zh, isTopWindow: true} @ https://res.volccdn.com/obj/volc-console-fe/vcopilot-entry/web/static/js/async/1433.29c58a4f.js:47
[   12287ms] [INFO] [ErrorRecommend][Coordinator] Disposing page error recommend coordinator {href: https://www.volcengine.com/docs/6561/2298705?lang=zh, isTopWindow: true} @ https://res.volccdn.com/obj/volc-console-fe/vcopilot-entry/web/static/js/async/1433.29c58a4f.js:47
[   12287ms] [INFO] [ErrorRecommend][Coordinator] Clearing current coordinator state {href: https://www.volcengine.com/docs/6561/2298705?lang=zh, isTopWindow: true, payload: Object} @ https://res.volccdn.com/obj/volc-console-fe/vcopilot-entry/web/static/js/async/1433.29c58a4f.js:47
[   12287ms] [INFO] [ErrorRecommend][WebRuntimeGate] Resolved page error recommend gate {gate: Object, errorRecommendWhiteList: Array(0)} @ https://res.volccdn.com/obj/volc-console-fe/vcopilot-entry/web/static/js/async/1433.29c58a4f.js:47
[   12287ms] [INFO] [ErrorRecommend][Coordinator] Updating coordinator enabled state {href: https://www.volcengine.com/docs/6561/2298705?lang=zh, isTopWindow: true, payload: Object} @ https://res.volccdn.com/obj/volc-console-fe/vcopilot-entry/web/static/js/async/1433.29c58a4f.js:47
[   12287ms] [WARNING] CommonJSONRPCProtocol: method vcopilot/set-ui-config already has request handler, override. @ https://res.volccdn.com/obj/volc-console-fe/vcopilot-entry/web/static/js/async/1433.29c58a4f.js:2
[   12287ms] [WARNING] CommonJSONRPCProtocol: method vcopilot/get-display-state already has request handler, override. @ https://res.volccdn.com/obj/volc-console-fe/vcopilot-entry/web/static/js/async/1433.29c58a4f.js:2
[   12287ms] [WARNING] CommonJSONRPCProtocol: method vcopilot/iframe/proxy-jsonrpc-notification already has notification handler, override. @ https://res.volccdn.com/obj/volc-console-fe/vcopilot-entry/web/static/js/async/1433.29c58a4f.js:2
[   12287ms] [INFO] [ErrorRecommend][Coordinator] Updating coordinator enabled state {href: https://www.volcengine.com/docs/6561/2298705?lang=zh, isTopWindow: true, payload: Object} @ https://res.volccdn.com/obj/volc-console-fe/vcopilot-entry/web/static/js/async/1433.29c58a4f.js:47
[   12287ms] [INFO] [ErrorRecommend][Coordinator] Initializing page error recommend coordinator {href: https://www.volcengine.com/docs/6561/2298705?lang=zh, isTopWindow: true} @ https://res.volccdn.com/obj/volc-console-fe/vcopilot-entry/web/static/js/async/1433.29c58a4f.js:47
[   12287ms] [LOG] ========= undefined @ https://portal.volccdn.com/obj/volcfe-scm/doccenter/static/js/main.f4903a29.js:0
[   12385ms] [WARNING] Failed to execute 'postMessage' on 'DOMWindow': The target origin provided ('https://signin.volcengine.com') does not match the recipient window's origin ('https://www.volcengine.com'). @ https://res.volccdn.com/obj/volc-console-fe/vcopilot-entry/web/static/js/async/7585.fb588188.js:109
[   12435ms] [INFO] [ErrorRecommend][WebRuntimeGate] Resolved page error recommend gate {gate: Object, errorRecommendWhiteList: Array(2)} @ https://res.volccdn.com/obj/volc-console-fe/vcopilot-entry/web/static/js/async/1433.29c58a4f.js:47
[   12435ms] [INFO] [ErrorRecommend][Coordinator] Updating coordinator enabled state {href: https://www.volcengine.com/docs/6561/2298705?lang=zh, isTopWindow: true, payload: Object} @ https://res.volccdn.com/obj/volc-console-fe/vcopilot-entry/web/static/js/async/1433.29c58a4f.js:47
[   12444ms] [TIMEEND] vcopilot-FastSigninInit: 160.713134765625 ms @ https://res.volccdn.com/obj/volc-console-fe/vcopilot-entry/web/static/js/async/1433.29c58a4f.js:36
[   12566ms] [INFO] [ErrorRecommend][WebRuntimeGate] Resolved page error recommend gate {gate: Object, errorRecommendWhiteList: Array(2)} @ https://res.volccdn.com/obj/volc-console-fe/vcopilot-entry/web/static/js/async/1433.29c58a4f.js:47
[   12566ms] [INFO] [ErrorRecommend][Coordinator] Updating coordinator enabled state {href: https://www.volcengine.com/docs/6561/2298705?lang=zh, isTopWindow: true, payload: Object} @ https://res.volccdn.com/obj/volc-console-fe/vcopilot-entry/web/static/js/async/1433.29c58a4f.js:47
[   15586ms] [LOG] - init tea async @ https://res.volccdn.com/obj/volc-console-fe/volc/web-data-sdk/1.0.0.46/cnSdk/initTeaSdk.js:12
[   15613ms] [INFO] [MonitorTracer] init successfully! version: 0.21.0 @ https://res.volccdn.com/obj/volc-console-fe/volc/web-data-sdk/1.0.0.46/cnSdk/initTeaSdk.js:6
[   15646ms] [ERROR] can no read vconsoleAppInfo from window object @ https://res.volccdn.com/obj/volc-console-fe/vconsole-vendors/volc-information.9d1c72b5.js:12
[   15646ms] [ERROR] can no read vconsoleAppInfo from window object @ https://res.volccdn.com/obj/volc-console-fe/vconsole-vendors/volc-information.9d1c72b5.js:12
[   15664ms] [LOG] libraGroup=====> undefined @ https://portal.volccdn.com/obj/volcfe-scm/doccenter/static/js/main.f4903a29.js:0
[   15675ms] [ERROR] can no read vconsoleAppInfo from window object @ https://portal.volccdn.com/obj/volcfe-scm/doccenter/static/js/async/docs/(libid)/(docid$)/page.05aa2cb9.js:1
[   15676ms] [LOG] {} affixProps @ https://portal.volccdn.com/obj/volcfe-scm/doccenter/static/js/async/docs/(libid)/(docid$)/page.05aa2cb9.js:1
[   15708ms] [WARNING] The web fetch in browser environment has not psm field @ https://portal.volccdn.com/obj/volcfe-scm/doccenter/static/js/380.ff451302.js:1
[   15709ms] [WARNING] The web fetch in browser environment has not psm field @ https://portal.volccdn.com/obj/volcfe-scm/doccenter/static/js/380.ff451302.js:1
[   15712ms] [LOG] libraGroup=====> ctrst_grp @ https://portal.volccdn.com/obj/volcfe-scm/doccenter/static/js/main.f4903a29.js:0
[   15713ms] [LOG] {} affixProps @ https://portal.volccdn.com/obj/volcfe-scm/doccenter/static/js/async/docs/(libid)/(docid$)/page.05aa2cb9.js:1
[   15784ms] [LOG] libraGroup=====> ctrst_grp @ https://portal.volccdn.com/obj/volcfe-scm/doccenter/static/js/main.f4903a29.js:0
[   15785ms] [LOG] {} affixProps @ https://portal.volccdn.com/obj/volcfe-scm/doccenter/static/js/async/docs/(libid)/(docid$)/page.05aa2cb9.js:1
[   15793ms] [LOG] {} affixProps @ https://portal.volccdn.com/obj/volcfe-scm/doccenter/static/js/async/docs/(libid)/(docid$)/page.05aa2cb9.js:1
[   15794ms] [WARNING] The web fetch in browser environment has not psm field @ https://portal.volccdn.com/obj/volcfe-scm/doccenter/static/js/380.ff451302.js:1
[   15884ms] [LOG] {} affixProps @ https://portal.volccdn.com/obj/volcfe-scm/doccenter/static/js/async/docs/(libid)/(docid$)/page.05aa2cb9.js:1
[   15890ms] [ERROR] Failed to load resource: the server responded with a status of 401 () @ https://console.volcengine.com/api/passport/account/getUser:0
[   16000ms] [LOG] libraGroup=====> ctrst_grp @ https://portal.volccdn.com/obj/volcfe-scm/doccenter/static/js/main.f4903a29.js:0
[   16001ms] [LOG] {} affixProps @ https://portal.volccdn.com/obj/volcfe-scm/doccenter/static/js/async/docs/(libid)/(docid$)/page.05aa2cb9.js:1
[   16100ms] [ERROR] can no read vconsoleAppInfo from window object @ https://res.volccdn.com/obj/volc-console-fe/vcopilot-entry/web/static/js/8199.b73ea5f4.js:1
[   16149ms] [ERROR] can no read vconsoleAppInfo from window object @ https://res.volccdn.com/obj/volc-console-fe/vcopilot-entry/web/static/js/async/7585.fb588188.js:109
[   16238ms] [ERROR] `volcfContext` not found, please use `waitForVolcf` to wait for volcf to be loaded. @ https://res.volccdn.com/obj/volc-console-fe/vcopilot-entry/web/static/js/8199.b73ea5f4.js:1
[   16238ms] [ERROR] `volcfContext` not found, please use `waitForVolcf` to wait for volcf to be loaded. @ https://res.volccdn.com/obj/volc-console-fe/vcopilot-entry/web/static/js/8199.b73ea5f4.js:1
[   16244ms] [WARNING] Failed to execute 'postMessage' on 'DOMWindow': The target origin provided ('https://signin.volcengine.com') does not match the recipient window's origin ('https://www.volcengine.com'). @ https://res.volccdn.com/obj/volc-console-fe/vcopilot-entry/web/static/js/async/7585.fb588188.js:109
[   16245ms] [INFO] [ErrorRecommend][WebRuntimeGate] Resolved page error recommend gate {gate: Object, errorRecommendWhiteList: Array(0)} @ https://res.volccdn.com/obj/volc-console-fe/vcopilot-entry/web/static/js/async/1433.29c58a4f.js:47
[   16245ms] [INFO] [ErrorRecommend][Coordinator] Updating coordinator enabled state {href: https://www.volcengine.com/docs/6561/1801953?lang=zh, isTopWindow: true, payload: Object} @ https://res.volccdn.com/obj/volc-console-fe/vcopilot-entry/web/static/js/async/1433.29c58a4f.js:47
[   16245ms] [INFO] [ErrorRecommend][Coordinator] Updating coordinator enabled state {href: https://www.volcengine.com/docs/6561/1801953?lang=zh, isTopWindow: true, payload: Object} @ https://res.volccdn.com/obj/volc-console-fe/vcopilot-entry/web/static/js/async/1433.29c58a4f.js:47
[   16246ms] [INFO] [ErrorRecommend][Coordinator] Initializing page error recommend coordinator {href: https://www.volcengine.com/docs/6561/1801953?lang=zh, isTopWindow: true} @ https://res.volccdn.com/obj/volc-console-fe/vcopilot-entry/web/static/js/async/1433.29c58a4f.js:47
[   16246ms] [INFO] [ErrorRecommend][Coordinator] Disposing page error recommend coordinator {href: https://www.volcengine.com/docs/6561/1801953?lang=zh, isTopWindow: true} @ https://res.volccdn.com/obj/volc-console-fe/vcopilot-entry/web/static/js/async/1433.29c58a4f.js:47
[   16246ms] [INFO] [ErrorRecommend][Coordinator] Clearing current coordinator state {href: https://www.volcengine.com/docs/6561/1801953?lang=zh, isTopWindow: true, payload: Object} @ https://res.volccdn.com/obj/volc-console-fe/vcopilot-entry/web/static/js/async/1433.29c58a4f.js:47
[   16246ms] [INFO] [ErrorRecommend][WebRuntimeGate] Resolved page error recommend gate {gate: Object, errorRecommendWhiteList: Array(0)} @ https://res.volccdn.com/obj/volc-console-fe/vcopilot-entry/web/static/js/async/1433.29c58a4f.js:47
[   16246ms] [INFO] [ErrorRecommend][Coordinator] Updating coordinator enabled state {href: https://www.volcengine.com/docs/6561/1801953?lang=zh, isTopWindow: true, payload: Object} @ https://res.volccdn.com/obj/volc-console-fe/vcopilot-entry/web/static/js/async/1433.29c58a4f.js:47
[   16247ms] [WARNING] CommonJSONRPCProtocol: method vcopilot/set-ui-config already has request handler, override. @ https://res.volccdn.com/obj/volc-console-fe/vcopilot-entry/web/static/js/async/1433.29c58a4f.js:2
[   16247ms] [WARNING] CommonJSONRPCProtocol: method vcopilot/get-display-state already has request handler, override. @ https://res.volccdn.com/obj/volc-console-fe/vcopilot-entry/web/static/js/async/1433.29c58a4f.js:2
[   16247ms] [WARNING] CommonJSONRPCProtocol: method vcopilot/iframe/proxy-jsonrpc-notification already has notification handler, override. @ https://res.volccdn.com/obj/volc-console-fe/vcopilot-entry/web/static/js/async/1433.29c58a4f.js:2
[   16247ms] [INFO] [ErrorRecommend][Coordinator] Updating coordinator enabled state {href: https://www.volcengine.com/docs/6561/1801953?lang=zh, isTopWindow: true, payload: Object} @ https://res.volccdn.com/obj/volc-console-fe/vcopilot-entry/web/static/js/async/1433.29c58a4f.js:47
[   16247ms] [INFO] [ErrorRecommend][Coordinator] Initializing page error recommend coordinator {href: https://www.volcengine.com/docs/6561/1801953?lang=zh, isTopWindow: true} @ https://res.volccdn.com/obj/volc-console-fe/vcopilot-entry/web/static/js/async/1433.29c58a4f.js:47
[   16249ms] [LOG] ========= undefined @ https://portal.volccdn.com/obj/volcfe-scm/doccenter/static/js/main.f4903a29.js:0
[   16343ms] [WARNING] Failed to execute 'postMessage' on 'DOMWindow': The target origin provided ('https://signin.volcengine.com') does not match the recipient window's origin ('https://www.volcengine.com'). @ https://res.volccdn.com/obj/volc-console-fe/vcopilot-entry/web/static/js/async/7585.fb588188.js:109
[   16404ms] [TIMEEND] vcopilot-FastSigninInit: 163.2890625 ms @ https://res.volccdn.com/obj/volc-console-fe/vcopilot-entry/web/static/js/async/1433.29c58a4f.js:36
[   16557ms] [INFO] [ErrorRecommend][WebRuntimeGate] Resolved page error recommend gate {gate: Object, errorRecommendWhiteList: Array(2)} @ https://res.volccdn.com/obj/volc-console-fe/vcopilot-entry/web/static/js/async/1433.29c58a4f.js:47
[   16557ms] [INFO] [ErrorRecommend][Coordinator] Updating coordinator enabled state {href: https://www.volcengine.com/docs/6561/1801953?lang=zh, isTopWindow: true, payload: Object} @ https://res.volccdn.com/obj/volc-console-fe/vcopilot-entry/web/static/js/async/1433.29c58a4f.js:47
[   16739ms] [INFO] [ErrorRecommend][WebRuntimeGate] Resolved page error recommend gate {gate: Object, errorRecommendWhiteList: Array(2)} @ https://res.volccdn.com/obj/volc-console-fe/vcopilot-entry/web/static/js/async/1433.29c58a4f.js:47
[   16740ms] [INFO] [ErrorRecommend][Coordinator] Updating coordinator enabled state {href: https://www.volcengine.com/docs/6561/1801953?lang=zh, isTopWindow: true, payload: Object} @ https://res.volccdn.com/obj/volc-console-fe/vcopilot-entry/web/static/js/async/1433.29c58a4f.js:47
[   27898ms] [LOG] - init tea async @ https://res.volccdn.com/obj/volc-console-fe/volc/web-data-sdk/1.0.0.46/cnSdk/initTeaSdk.js:12
[   27906ms] [ERROR] can no read vconsoleAppInfo from window object @ https://res.volccdn.com/obj/volc-console-fe/vconsole-vendors/volc-information.9d1c72b5.js:12
[   27907ms] [ERROR] can no read vconsoleAppInfo from window object @ https://res.volccdn.com/obj/volc-console-fe/vconsole-vendors/volc-information.9d1c72b5.js:12
[   27941ms] [ERROR] can no read vconsoleAppInfo from window object @ https://portal.volccdn.com/obj/volcfe-scm/doccenter/static/js/async/docs/(libid)/(docid$)/page.05aa2cb9.js:1
[   27953ms] [INFO] [MonitorTracer] init successfully! version: 0.21.0 @ https://res.volccdn.com/obj/volc-console-fe/volc/web-data-sdk/1.0.0.46/cnSdk/initTeaSdk.js:6
[   28291ms] [LOG] libraGroup=====> undefined @ https://portal.volccdn.com/obj/volcfe-scm/doccenter/static/js/main.f4903a29.js:0
[   28297ms] [LOG] libraGroup=====> ctrst_grp @ https://portal.volccdn.com/obj/volcfe-scm/doccenter/static/js/main.f4903a29.js:0
[   28299ms] [LOG] {} affixProps @ https://portal.volccdn.com/obj/volcfe-scm/doccenter/static/js/async/docs/(libid)/(docid$)/page.05aa2cb9.js:1
[   28426ms] [WARNING] The web fetch in browser environment has not psm field @ https://portal.volccdn.com/obj/volcfe-scm/doccenter/static/js/380.ff451302.js:1
[   28426ms] [WARNING] The web fetch in browser environment has not psm field @ https://portal.volccdn.com/obj/volcfe-scm/doccenter/static/js/380.ff451302.js:1
[   28431ms] [LOG] libraGroup=====> ctrst_grp @ https://portal.volccdn.com/obj/volcfe-scm/doccenter/static/js/main.f4903a29.js:0
[   28432ms] [LOG] {} affixProps @ https://portal.volccdn.com/obj/volcfe-scm/doccenter/static/js/async/docs/(libid)/(docid$)/page.05aa2cb9.js:1
[   28458ms] [ERROR] Failed to load resource: the server responded with a status of 401 () @ https://console.volcengine.com/api/passport/account/getUser:0
[   28556ms] [LOG] {} affixProps @ https://portal.volccdn.com/obj/volcfe-scm/doccenter/static/js/async/docs/(libid)/(docid$)/page.05aa2cb9.js:1
[   28574ms] [LOG] libraGroup=====> ctrst_grp @ https://portal.volccdn.com/obj/volcfe-scm/doccenter/static/js/main.f4903a29.js:0
[   28584ms] [LOG] {} affixProps @ https://portal.volccdn.com/obj/volcfe-scm/doccenter/static/js/async/docs/(libid)/(docid$)/page.05aa2cb9.js:1
[   28584ms] [WARNING] The web fetch in browser environment has not psm field @ https://portal.volccdn.com/obj/volcfe-scm/doccenter/static/js/380.ff451302.js:1
[   28657ms] [LOG] ========= undefined @ https://portal.volccdn.com/obj/volcfe-scm/doccenter/static/js/main.f4903a29.js:0
[   28716ms] [LOG] {} affixProps @ https://portal.volccdn.com/obj/volcfe-scm/doccenter/static/js/async/docs/(libid)/(docid$)/page.05aa2cb9.js:1
[   28775ms] [ERROR] can no read vconsoleAppInfo from window object @ https://res.volccdn.com/obj/volc-console-fe/vcopilot-entry/web/static/js/8199.b73ea5f4.js:1
[   28835ms] [ERROR] can no read vconsoleAppInfo from window object @ https://res.volccdn.com/obj/volc-console-fe/vcopilot-entry/web/static/js/async/7585.fb588188.js:109
[   28907ms] [ERROR] `volcfContext` not found, please use `waitForVolcf` to wait for volcf to be loaded. @ https://res.volccdn.com/obj/volc-console-fe/vcopilot-entry/web/static/js/8199.b73ea5f4.js:1
[   28907ms] [ERROR] `volcfContext` not found, please use `waitForVolcf` to wait for volcf to be loaded. @ https://res.volccdn.com/obj/volc-console-fe/vcopilot-entry/web/static/js/8199.b73ea5f4.js:1
[   28914ms] [WARNING] Failed to execute 'postMessage' on 'DOMWindow': The target origin provided ('https://signin.volcengine.com') does not match the recipient window's origin ('https://www.volcengine.com'). @ https://res.volccdn.com/obj/volc-console-fe/vcopilot-entry/web/static/js/async/7585.fb588188.js:109
[   28915ms] [INFO] [ErrorRecommend][WebRuntimeGate] Resolved page error recommend gate {gate: Object, errorRecommendWhiteList: Array(0)} @ https://res.volccdn.com/obj/volc-console-fe/vcopilot-entry/web/static/js/async/1433.29c58a4f.js:47
[   28915ms] [INFO] [ErrorRecommend][Coordinator] Updating coordinator enabled state {href: https://www.volcengine.com/docs/6561/2227958?lang=zh, isTopWindow: true, payload: Object} @ https://res.volccdn.com/obj/volc-console-fe/vcopilot-entry/web/static/js/async/1433.29c58a4f.js:47
[   28915ms] [INFO] [ErrorRecommend][Coordinator] Updating coordinator enabled state {href: https://www.volcengine.com/docs/6561/2227958?lang=zh, isTopWindow: true, payload: Object} @ https://res.volccdn.com/obj/volc-console-fe/vcopilot-entry/web/static/js/async/1433.29c58a4f.js:47
[   28915ms] [INFO] [ErrorRecommend][Coordinator] Initializing page error recommend coordinator {href: https://www.volcengine.com/docs/6561/2227958?lang=zh, isTopWindow: true} @ https://res.volccdn.com/obj/volc-console-fe/vcopilot-entry/web/static/js/async/1433.29c58a4f.js:47
[   28916ms] [INFO] [ErrorRecommend][Coordinator] Disposing page error recommend coordinator {href: https://www.volcengine.com/docs/6561/2227958?lang=zh, isTopWindow: true} @ https://res.volccdn.com/obj/volc-console-fe/vcopilot-entry/web/static/js/async/1433.29c58a4f.js:47
[   28916ms] [INFO] [ErrorRecommend][Coordinator] Clearing current coordinator state {href: https://www.volcengine.com/docs/6561/2227958?lang=zh, isTopWindow: true, payload: Object} @ https://res.volccdn.com/obj/volc-console-fe/vcopilot-entry/web/static/js/async/1433.29c58a4f.js:47
[   28916ms] [INFO] [ErrorRecommend][WebRuntimeGate] Resolved page error recommend gate {gate: Object, errorRecommendWhiteList: Array(0)} @ https://res.volccdn.com/obj/volc-console-fe/vcopilot-entry/web/static/js/async/1433.29c58a4f.js:47
[   28916ms] [INFO] [ErrorRecommend][Coordinator] Updating coordinator enabled state {href: https://www.volcengine.com/docs/6561/2227958?lang=zh, isTopWindow: true, payload: Object} @ https://res.volccdn.com/obj/volc-console-fe/vcopilot-entry/web/static/js/async/1433.29c58a4f.js:47
[   28917ms] [WARNING] CommonJSONRPCProtocol: method vcopilot/set-ui-config already has request handler, override. @ https://res.volccdn.com/obj/volc-console-fe/vcopilot-entry/web/static/js/async/1433.29c58a4f.js:2
[   28917ms] [WARNING] CommonJSONRPCProtocol: method vcopilot/get-display-state already has request handler, override. @ https://res.volccdn.com/obj/volc-console-fe/vcopilot-entry/web/static/js/async/1433.29c58a4f.js:2
[   28917ms] [WARNING] CommonJSONRPCProtocol: method vcopilot/iframe/proxy-jsonrpc-notification already has notification handler, override. @ https://res.volccdn.com/obj/volc-console-fe/vcopilot-entry/web/static/js/async/1433.29c58a4f.js:2
[   28917ms] [INFO] [ErrorRecommend][Coordinator] Updating coordinator enabled state {href: https://www.volcengine.com/docs/6561/2227958?lang=zh, isTopWindow: true, payload: Object} @ https://res.volccdn.com/obj/volc-console-fe/vcopilot-entry/web/static/js/async/1433.29c58a4f.js:47
[   28917ms] [INFO] [ErrorRecommend][Coordinator] Initializing page error recommend coordinator {href: https://www.volcengine.com/docs/6561/2227958?lang=zh, isTopWindow: true} @ https://res.volccdn.com/obj/volc-console-fe/vcopilot-entry/web/static/js/async/1433.29c58a4f.js:47
[   29013ms] [WARNING] Failed to execute 'postMessage' on 'DOMWindow': The target origin provided ('https://signin.volcengine.com') does not match the recipient window's origin ('https://www.volcengine.com'). @ https://res.volccdn.com/obj/volc-console-fe/vcopilot-entry/web/static/js/async/7585.fb588188.js:109
[   29091ms] [INFO] [ErrorRecommend][WebRuntimeGate] Resolved page error recommend gate {gate: Object, errorRecommendWhiteList: Array(2)} @ https://res.volccdn.com/obj/volc-console-fe/vcopilot-entry/web/static/js/async/1433.29c58a4f.js:47
[   29091ms] [INFO] [ErrorRecommend][Coordinator] Updating coordinator enabled state {href: https://www.volcengine.com/docs/6561/2227958?lang=zh, isTopWindow: true, payload: Object} @ https://res.volccdn.com/obj/volc-console-fe/vcopilot-entry/web/static/js/async/1433.29c58a4f.js:47
[   29092ms] [TIMEEND] vcopilot-FastSigninInit: 181.02197265625 ms @ https://res.volccdn.com/obj/volc-console-fe/vcopilot-entry/web/static/js/async/1433.29c58a4f.js:36
[   29228ms] [INFO] [ErrorRecommend][WebRuntimeGate] Resolved page error recommend gate {gate: Object, errorRecommendWhiteList: Array(2)} @ https://res.volccdn.com/obj/volc-console-fe/vcopilot-entry/web/static/js/async/1433.29c58a4f.js:47
[   29228ms] [INFO] [ErrorRecommend][Coordinator] Updating coordinator enabled state {href: https://www.volcengine.com/docs/6561/2227958?lang=zh, isTopWindow: true, payload: Object} @ https://res.volccdn.com/obj/volc-console-fe/vcopilot-entry/web/static/js/async/1433.29c58a4f.js:47
[   31233ms] [LOG] - init tea async @ https://res.volccdn.com/obj/volc-console-fe/volc/web-data-sdk/1.0.0.46/cnSdk/initTeaSdk.js:12
[   31241ms] [ERROR] can no read vconsoleAppInfo from window object @ https://res.volccdn.com/obj/volc-console-fe/vconsole-vendors/volc-information.9d1c72b5.js:12
[   31242ms] [ERROR] can no read vconsoleAppInfo from window object @ https://res.volccdn.com/obj/volc-console-fe/vconsole-vendors/volc-information.9d1c72b5.js:12
[   31259ms] [INFO] [MonitorTracer] init successfully! version: 0.21.0 @ https://res.volccdn.com/obj/volc-console-fe/volc/web-data-sdk/1.0.0.46/cnSdk/initTeaSdk.js:6
[   31274ms] [ERROR] can no read vconsoleAppInfo from window object @ https://portal.volccdn.com/obj/volcfe-scm/doccenter/static/js/async/docs/(libid)/(docid$)/page.05aa2cb9.js:1
[   31600ms] [LOG] libraGroup=====> undefined @ https://portal.volccdn.com/obj/volcfe-scm/doccenter/static/js/main.f4903a29.js:0
[   31608ms] [LOG] libraGroup=====> ctrst_grp @ https://portal.volccdn.com/obj/volcfe-scm/doccenter/static/js/main.f4903a29.js:0
[   31610ms] [LOG] {} affixProps @ https://portal.volccdn.com/obj/volcfe-scm/doccenter/static/js/async/docs/(libid)/(docid$)/page.05aa2cb9.js:1
[   31750ms] [WARNING] The web fetch in browser environment has not psm field @ https://portal.volccdn.com/obj/volcfe-scm/doccenter/static/js/380.ff451302.js:1
[   31750ms] [WARNING] The web fetch in browser environment has not psm field @ https://portal.volccdn.com/obj/volcfe-scm/doccenter/static/js/380.ff451302.js:1
[   31757ms] [LOG] libraGroup=====> ctrst_grp @ https://portal.volccdn.com/obj/volcfe-scm/doccenter/static/js/main.f4903a29.js:0
[   31758ms] [LOG] {} affixProps @ https://portal.volccdn.com/obj/volcfe-scm/doccenter/static/js/async/docs/(libid)/(docid$)/page.05aa2cb9.js:1
[   31765ms] [ERROR] Failed to load resource: the server responded with a status of 401 () @ https://console.volcengine.com/api/passport/account/getUser:0
[   31828ms] [LOG] {} affixProps @ https://portal.volccdn.com/obj/volcfe-scm/doccenter/static/js/async/docs/(libid)/(docid$)/page.05aa2cb9.js:1
[   31829ms] [WARNING] The web fetch in browser environment has not psm field @ https://portal.volccdn.com/obj/volcfe-scm/doccenter/static/js/380.ff451302.js:1
[   31873ms] [LOG] libraGroup=====> ctrst_grp @ https://portal.volccdn.com/obj/volcfe-scm/doccenter/static/js/main.f4903a29.js:0
[   31903ms] [LOG] ========= undefined @ https://portal.volccdn.com/obj/volcfe-scm/doccenter/static/js/main.f4903a29.js:0
[   32006ms] [LOG] {} affixProps @ https://portal.volccdn.com/obj/volcfe-scm/doccenter/static/js/async/docs/(libid)/(docid$)/page.05aa2cb9.js:1
[   32026ms] [LOG] {} affixProps @ https://portal.volccdn.com/obj/volcfe-scm/doccenter/static/js/async/docs/(libid)/(docid$)/page.05aa2cb9.js:1
[   32266ms] [ERROR] can no read vconsoleAppInfo from window object @ https://res.volccdn.com/obj/volc-console-fe/vcopilot-entry/web/static/js/8199.b73ea5f4.js:1
[   32311ms] [ERROR] can no read vconsoleAppInfo from window object @ https://res.volccdn.com/obj/volc-console-fe/vcopilot-entry/web/static/js/async/7585.fb588188.js:109
[   32387ms] [ERROR] `volcfContext` not found, please use `waitForVolcf` to wait for volcf to be loaded. @ https://res.volccdn.com/obj/volc-console-fe/vcopilot-entry/web/static/js/8199.b73ea5f4.js:1
[   32387ms] [ERROR] `volcfContext` not found, please use `waitForVolcf` to wait for volcf to be loaded. @ https://res.volccdn.com/obj/volc-console-fe/vcopilot-entry/web/static/js/8199.b73ea5f4.js:1
[   32392ms] [WARNING] Failed to execute 'postMessage' on 'DOMWindow': The target origin provided ('https://signin.volcengine.com') does not match the recipient window's origin ('https://www.volcengine.com'). @ https://res.volccdn.com/obj/volc-console-fe/vcopilot-entry/web/static/js/async/7585.fb588188.js:109
[   32393ms] [INFO] [ErrorRecommend][WebRuntimeGate] Resolved page error recommend gate {gate: Object, errorRecommendWhiteList: Array(0)} @ https://res.volccdn.com/obj/volc-console-fe/vcopilot-entry/web/static/js/async/1433.29c58a4f.js:47
[   32393ms] [INFO] [ErrorRecommend][Coordinator] Updating coordinator enabled state {href: https://www.volcengine.com/docs/6561/1719100?lang=zh, isTopWindow: true, payload: Object} @ https://res.volccdn.com/obj/volc-console-fe/vcopilot-entry/web/static/js/async/1433.29c58a4f.js:47
[   32394ms] [INFO] [ErrorRecommend][Coordinator] Updating coordinator enabled state {href: https://www.volcengine.com/docs/6561/1719100?lang=zh, isTopWindow: true, payload: Object} @ https://res.volccdn.com/obj/volc-console-fe/vcopilot-entry/web/static/js/async/1433.29c58a4f.js:47
[   32394ms] [INFO] [ErrorRecommend][Coordinator] Initializing page error recommend coordinator {href: https://www.volcengine.com/docs/6561/1719100?lang=zh, isTopWindow: true} @ https://res.volccdn.com/obj/volc-console-fe/vcopilot-entry/web/static/js/async/1433.29c58a4f.js:47
[   32395ms] [INFO] [ErrorRecommend][Coordinator] Disposing page error recommend coordinator {href: https://www.volcengine.com/docs/6561/1719100?lang=zh, isTopWindow: true} @ https://res.volccdn.com/obj/volc-console-fe/vcopilot-entry/web/static/js/async/1433.29c58a4f.js:47
[   32395ms] [INFO] [ErrorRecommend][Coordinator] Clearing current coordinator state {href: https://www.volcengine.com/docs/6561/1719100?lang=zh, isTopWindow: true, payload: Object} @ https://res.volccdn.com/obj/volc-console-fe/vcopilot-entry/web/static/js/async/1433.29c58a4f.js:47
[   32395ms] [INFO] [ErrorRecommend][WebRuntimeGate] Resolved page error recommend gate {gate: Object, errorRecommendWhiteList: Array(0)} @ https://res.volccdn.com/obj/volc-console-fe/vcopilot-entry/web/static/js/async/1433.29c58a4f.js:47
[   32395ms] [INFO] [ErrorRecommend][Coordinator] Updating coordinator enabled state {href: https://www.volcengine.com/docs/6561/1719100?lang=zh, isTopWindow: true, payload: Object} @ https://res.volccdn.com/obj/volc-console-fe/vcopilot-entry/web/static/js/async/1433.29c58a4f.js:47
[   32395ms] [WARNING] CommonJSONRPCProtocol: method vcopilot/set-ui-config already has request handler, override. @ https://res.volccdn.com/obj/volc-console-fe/vcopilot-entry/web/static/js/async/1433.29c58a4f.js:2
[   32395ms] [WARNING] CommonJSONRPCProtocol: method vcopilot/get-display-state already has request handler, override. @ https://res.volccdn.com/obj/volc-console-fe/vcopilot-entry/web/static/js/async/1433.29c58a4f.js:2
[   32395ms] [WARNING] CommonJSONRPCProtocol: method vcopilot/iframe/proxy-jsonrpc-notification already has notification handler, override. @ https://res.volccdn.com/obj/volc-console-fe/vcopilot-entry/web/static/js/async/1433.29c58a4f.js:2
[   32395ms] [INFO] [ErrorRecommend][Coordinator] Updating coordinator enabled state {href: https://www.volcengine.com/docs/6561/1719100?lang=zh, isTopWindow: true, payload: Object} @ https://res.volccdn.com/obj/volc-console-fe/vcopilot-entry/web/static/js/async/1433.29c58a4f.js:47
[   32395ms] [INFO] [ErrorRecommend][Coordinator] Initializing page error recommend coordinator {href: https://www.volcengine.com/docs/6561/1719100?lang=zh, isTopWindow: true} @ https://res.volccdn.com/obj/volc-console-fe/vcopilot-entry/web/static/js/async/1433.29c58a4f.js:47
[   32492ms] [WARNING] Failed to execute 'postMessage' on 'DOMWindow': The target origin provided ('https://signin.volcengine.com') does not match the recipient window's origin ('https://www.volcengine.com'). @ https://res.volccdn.com/obj/volc-console-fe/vcopilot-entry/web/static/js/async/7585.fb588188.js:109
[   32528ms] [INFO] [ErrorRecommend][WebRuntimeGate] Resolved page error recommend gate {gate: Object, errorRecommendWhiteList: Array(2)} @ https://res.volccdn.com/obj/volc-console-fe/vcopilot-entry/web/static/js/async/1433.29c58a4f.js:47
[   32528ms] [INFO] [ErrorRecommend][Coordinator] Updating coordinator enabled state {href: https://www.volcengine.com/docs/6561/1719100?lang=zh, isTopWindow: true, payload: Object} @ https://res.volccdn.com/obj/volc-console-fe/vcopilot-entry/web/static/js/async/1433.29c58a4f.js:47
[   32581ms] [TIMEEND] vcopilot-FastSigninInit: 190.322998046875 ms @ https://res.volccdn.com/obj/volc-console-fe/vcopilot-entry/web/static/js/async/1433.29c58a4f.js:36
[   32781ms] [INFO] [ErrorRecommend][WebRuntimeGate] Resolved page error recommend gate {gate: Object, errorRecommendWhiteList: Array(2)} @ https://res.volccdn.com/obj/volc-console-fe/vcopilot-entry/web/static/js/async/1433.29c58a4f.js:47
[   32781ms] [INFO] [ErrorRecommend][Coordinator] Updating coordinator enabled state {href: https://www.volcengine.com/docs/6561/1719100?lang=zh, isTopWindow: true, payload: Object} @ https://res.volccdn.com/obj/volc-console-fe/vcopilot-entry/web/static/js/async/1433.29c58a4f.js:47
[   34571ms] [LOG] - init tea async @ https://res.volccdn.com/obj/volc-console-fe/volc/web-data-sdk/1.0.0.46/cnSdk/initTeaSdk.js:12
[   34579ms] [ERROR] can no read vconsoleAppInfo from window object @ https://res.volccdn.com/obj/volc-console-fe/vconsole-vendors/volc-information.9d1c72b5.js:12
[   34580ms] [ERROR] can no read vconsoleAppInfo from window object @ https://res.volccdn.com/obj/volc-console-fe/vconsole-vendors/volc-information.9d1c72b5.js:12
[   34598ms] [INFO] [MonitorTracer] init successfully! version: 0.21.0 @ https://res.volccdn.com/obj/volc-console-fe/volc/web-data-sdk/1.0.0.46/cnSdk/initTeaSdk.js:6
[   34613ms] [ERROR] can no read vconsoleAppInfo from window object @ https://portal.volccdn.com/obj/volcfe-scm/doccenter/static/js/async/docs/(libid)/(docid$)/page.05aa2cb9.js:1
[   34896ms] [LOG] libraGroup=====> undefined @ https://portal.volccdn.com/obj/volcfe-scm/doccenter/static/js/main.f4903a29.js:0
[   34903ms] [LOG] libraGroup=====> ctrst_grp @ https://portal.volccdn.com/obj/volcfe-scm/doccenter/static/js/main.f4903a29.js:0
[   34905ms] [LOG] {} affixProps @ https://portal.volccdn.com/obj/volcfe-scm/doccenter/static/js/async/docs/(libid)/(docid$)/page.05aa2cb9.js:1
[   34986ms] [WARNING] The web fetch in browser environment has not psm field @ https://portal.volccdn.com/obj/volcfe-scm/doccenter/static/js/380.ff451302.js:1
[   34986ms] [WARNING] The web fetch in browser environment has not psm field @ https://portal.volccdn.com/obj/volcfe-scm/doccenter/static/js/380.ff451302.js:1
[   34994ms] [LOG] libraGroup=====> ctrst_grp @ https://portal.volccdn.com/obj/volcfe-scm/doccenter/static/js/main.f4903a29.js:0
[   34995ms] [LOG] {} affixProps @ https://portal.volccdn.com/obj/volcfe-scm/doccenter/static/js/async/docs/(libid)/(docid$)/page.05aa2cb9.js:1
[   35127ms] [LOG] libraGroup=====> ctrst_grp @ https://portal.volccdn.com/obj/volcfe-scm/doccenter/static/js/main.f4903a29.js:0
[   35181ms] [LOG] {} affixProps @ https://portal.volccdn.com/obj/volcfe-scm/doccenter/static/js/async/docs/(libid)/(docid$)/page.05aa2cb9.js:1
[   35182ms] [WARNING] The web fetch in browser environment has not psm field @ https://portal.volccdn.com/obj/volcfe-scm/doccenter/static/js/380.ff451302.js:1
[   35197ms] [LOG] {} affixProps @ https://portal.volccdn.com/obj/volcfe-scm/doccenter/static/js/async/docs/(libid)/(docid$)/page.05aa2cb9.js:1
[   35253ms] [ERROR] Failed to load resource: the server responded with a status of 401 () @ https://console.volcengine.com/api/passport/account/getUser:0
[   35323ms] [ERROR] can no read vconsoleAppInfo from window object @ https://res.volccdn.com/obj/volc-console-fe/vcopilot-entry/web/static/js/8199.b73ea5f4.js:1
[   35371ms] [ERROR] can no read vconsoleAppInfo from window object @ https://res.volccdn.com/obj/volc-console-fe/vcopilot-entry/web/static/js/async/7585.fb588188.js:109
[   35442ms] [ERROR] `volcfContext` not found, please use `waitForVolcf` to wait for volcf to be loaded. @ https://res.volccdn.com/obj/volc-console-fe/vcopilot-entry/web/static/js/8199.b73ea5f4.js:1
[   35442ms] [ERROR] `volcfContext` not found, please use `waitForVolcf` to wait for volcf to be loaded. @ https://res.volccdn.com/obj/volc-console-fe/vcopilot-entry/web/static/js/8199.b73ea5f4.js:1
[   35449ms] [WARNING] Failed to execute 'postMessage' on 'DOMWindow': The target origin provided ('https://signin.volcengine.com') does not match the recipient window's origin ('https://www.volcengine.com'). @ https://res.volccdn.com/obj/volc-console-fe/vcopilot-entry/web/static/js/async/7585.fb588188.js:109
[   35450ms] [INFO] [ErrorRecommend][WebRuntimeGate] Resolved page error recommend gate {gate: Object, errorRecommendWhiteList: Array(0)} @ https://res.volccdn.com/obj/volc-console-fe/vcopilot-entry/web/static/js/async/1433.29c58a4f.js:47
[   35450ms] [INFO] [ErrorRecommend][Coordinator] Updating coordinator enabled state {href: https://www.volcengine.com/docs/6561/1598757?lang=zh, isTopWindow: true, payload: Object} @ https://res.volccdn.com/obj/volc-console-fe/vcopilot-entry/web/static/js/async/1433.29c58a4f.js:47
[   35450ms] [INFO] [ErrorRecommend][Coordinator] Updating coordinator enabled state {href: https://www.volcengine.com/docs/6561/1598757?lang=zh, isTopWindow: true, payload: Object} @ https://res.volccdn.com/obj/volc-console-fe/vcopilot-entry/web/static/js/async/1433.29c58a4f.js:47
[   35450ms] [INFO] [ErrorRecommend][Coordinator] Initializing page error recommend coordinator {href: https://www.volcengine.com/docs/6561/1598757?lang=zh, isTopWindow: true} @ https://res.volccdn.com/obj/volc-console-fe/vcopilot-entry/web/static/js/async/1433.29c58a4f.js:47
[   35451ms] [INFO] [ErrorRecommend][Coordinator] Disposing page error recommend coordinator {href: https://www.volcengine.com/docs/6561/1598757?lang=zh, isTopWindow: true} @ https://res.volccdn.com/obj/volc-console-fe/vcopilot-entry/web/static/js/async/1433.29c58a4f.js:47
[   35451ms] [INFO] [ErrorRecommend][Coordinator] Clearing current coordinator state {href: https://www.volcengine.com/docs/6561/1598757?lang=zh, isTopWindow: true, payload: Object} @ https://res.volccdn.com/obj/volc-console-fe/vcopilot-entry/web/static/js/async/1433.29c58a4f.js:47
[   35451ms] [INFO] [ErrorRecommend][WebRuntimeGate] Resolved page error recommend gate {gate: Object, errorRecommendWhiteList: Array(0)} @ https://res.volccdn.com/obj/volc-console-fe/vcopilot-entry/web/static/js/async/1433.29c58a4f.js:47
[   35451ms] [INFO] [ErrorRecommend][Coordinator] Updating coordinator enabled state {href: https://www.volcengine.com/docs/6561/1598757?lang=zh, isTopWindow: true, payload: Object} @ https://res.volccdn.com/obj/volc-console-fe/vcopilot-entry/web/static/js/async/1433.29c58a4f.js:47
[   35452ms] [WARNING] CommonJSONRPCProtocol: method vcopilot/set-ui-config already has request handler, override. @ https://res.volccdn.com/obj/volc-console-fe/vcopilot-entry/web/static/js/async/1433.29c58a4f.js:2
[   35452ms] [WARNING] CommonJSONRPCProtocol: method vcopilot/get-display-state already has request handler, override. @ https://res.volccdn.com/obj/volc-console-fe/vcopilot-entry/web/static/js/async/1433.29c58a4f.js:2
[   35452ms] [WARNING] CommonJSONRPCProtocol: method vcopilot/iframe/proxy-jsonrpc-notification already has notification handler, override. @ https://res.volccdn.com/obj/volc-console-fe/vcopilot-entry/web/static/js/async/1433.29c58a4f.js:2
[   35452ms] [INFO] [ErrorRecommend][Coordinator] Updating coordinator enabled state {href: https://www.volcengine.com/docs/6561/1598757?lang=zh, isTopWindow: true, payload: Object} @ https://res.volccdn.com/obj/volc-console-fe/vcopilot-entry/web/static/js/async/1433.29c58a4f.js:47
[   35452ms] [INFO] [ErrorRecommend][Coordinator] Initializing page error recommend coordinator {href: https://www.volcengine.com/docs/6561/1598757?lang=zh, isTopWindow: true} @ https://res.volccdn.com/obj/volc-console-fe/vcopilot-entry/web/static/js/async/1433.29c58a4f.js:47
[   35453ms] [LOG] ========= undefined @ https://portal.volccdn.com/obj/volcfe-scm/doccenter/static/js/main.f4903a29.js:0
[   35454ms] [LOG] {} affixProps @ https://portal.volccdn.com/obj/volcfe-scm/doccenter/static/js/async/docs/(libid)/(docid$)/page.05aa2cb9.js:1
[   35547ms] [WARNING] Failed to execute 'postMessage' on 'DOMWindow': The target origin provided ('https://signin.volcengine.com') does not match the recipient window's origin ('https://www.volcengine.com'). @ https://res.volccdn.com/obj/volc-console-fe/vcopilot-entry/web/static/js/async/7585.fb588188.js:109
[   35617ms] [INFO] [ErrorRecommend][WebRuntimeGate] Resolved page error recommend gate {gate: Object, errorRecommendWhiteList: Array(2)} @ https://res.volccdn.com/obj/volc-console-fe/vcopilot-entry/web/static/js/async/1433.29c58a4f.js:47
[   35617ms] [INFO] [ErrorRecommend][Coordinator] Updating coordinator enabled state {href: https://www.volcengine.com/docs/6561/1598757?lang=zh, isTopWindow: true, payload: Object} @ https://res.volccdn.com/obj/volc-console-fe/vcopilot-entry/web/static/js/async/1433.29c58a4f.js:47
[   35626ms] [TIMEEND] vcopilot-FastSigninInit: 180.864990234375 ms @ https://res.volccdn.com/obj/volc-console-fe/vcopilot-entry/web/static/js/async/1433.29c58a4f.js:36
[   35853ms] [INFO] [ErrorRecommend][WebRuntimeGate] Resolved page error recommend gate {gate: Object, errorRecommendWhiteList: Array(2)} @ https://res.volccdn.com/obj/volc-console-fe/vcopilot-entry/web/static/js/async/1433.29c58a4f.js:47
[   35854ms] [INFO] [ErrorRecommend][Coordinator] Updating coordinator enabled state {href: https://www.volcengine.com/docs/6561/1598757?lang=zh, isTopWindow: true, payload: Object} @ https://res.volccdn.com/obj/volc-console-fe/vcopilot-entry/web/static/js/async/1433.29c58a4f.js:47
[   37907ms] [LOG] - init tea async @ https://res.volccdn.com/obj/volc-console-fe/volc/web-data-sdk/1.0.0.46/cnSdk/initTeaSdk.js:12
[   37915ms] [ERROR] can no read vconsoleAppInfo from window object @ https://res.volccdn.com/obj/volc-console-fe/vconsole-vendors/volc-information.9d1c72b5.js:12
[   37915ms] [ERROR] can no read vconsoleAppInfo from window object @ https://res.volccdn.com/obj/volc-console-fe/vconsole-vendors/volc-information.9d1c72b5.js:12
[   37932ms] [INFO] [MonitorTracer] init successfully! version: 0.21.0 @ https://res.volccdn.com/obj/volc-console-fe/volc/web-data-sdk/1.0.0.46/cnSdk/initTeaSdk.js:6
[   37946ms] [ERROR] can no read vconsoleAppInfo from window object @ https://portal.volccdn.com/obj/volcfe-scm/doccenter/static/js/async/docs/(libid)/(docid$)/page.05aa2cb9.js:1
[   38212ms] [LOG] libraGroup=====> undefined @ https://portal.volccdn.com/obj/volcfe-scm/doccenter/static/js/main.f4903a29.js:0
[   38219ms] [LOG] libraGroup=====> ctrst_grp @ https://portal.volccdn.com/obj/volcfe-scm/doccenter/static/js/main.f4903a29.js:0
[   38221ms] [LOG] {} affixProps @ https://portal.volccdn.com/obj/volcfe-scm/doccenter/static/js/async/docs/(libid)/(docid$)/page.05aa2cb9.js:1
[   38250ms] [LOG] libraGroup=====> ctrst_grp @ https://portal.volccdn.com/obj/volcfe-scm/doccenter/static/js/main.f4903a29.js:0
[   38251ms] [LOG] {} affixProps @ https://portal.volccdn.com/obj/volcfe-scm/doccenter/static/js/async/docs/(libid)/(docid$)/page.05aa2cb9.js:1
[   38254ms] [WARNING] The web fetch in browser environment has not psm field @ https://portal.volccdn.com/obj/volcfe-scm/doccenter/static/js/380.ff451302.js:1
[   38254ms] [WARNING] The web fetch in browser environment has not psm field @ https://portal.volccdn.com/obj/volcfe-scm/doccenter/static/js/380.ff451302.js:1
[   38354ms] [LOG] {} affixProps @ https://portal.volccdn.com/obj/volcfe-scm/doccenter/static/js/async/docs/(libid)/(docid$)/page.05aa2cb9.js:1
[   38376ms] [ERROR] Failed to load resource: the server responded with a status of 401 () @ https://console.volcengine.com/api/passport/account/getUser:0
[   38474ms] [LOG] {} affixProps @ https://portal.volccdn.com/obj/volcfe-scm/doccenter/static/js/async/docs/(libid)/(docid$)/page.05aa2cb9.js:1
[   38474ms] [WARNING] The web fetch in browser environment has not psm field @ https://portal.volccdn.com/obj/volcfe-scm/doccenter/static/js/380.ff451302.js:1
[   38499ms] [LOG] libraGroup=====> ctrst_grp @ https://portal.volccdn.com/obj/volcfe-scm/doccenter/static/js/main.f4903a29.js:0
[   38605ms] [LOG] ========= undefined @ https://portal.volccdn.com/obj/volcfe-scm/doccenter/static/js/main.f4903a29.js:0
[   38615ms] [LOG] {} affixProps @ https://portal.volccdn.com/obj/volcfe-scm/doccenter/static/js/async/docs/(libid)/(docid$)/page.05aa2cb9.js:1
[   38644ms] [ERROR] can no read vconsoleAppInfo from window object @ https://res.volccdn.com/obj/volc-console-fe/vcopilot-entry/web/static/js/8199.b73ea5f4.js:1
[   38702ms] [ERROR] can no read vconsoleAppInfo from window object @ https://res.volccdn.com/obj/volc-console-fe/vcopilot-entry/web/static/js/async/7585.fb588188.js:109
[   38779ms] [ERROR] `volcfContext` not found, please use `waitForVolcf` to wait for volcf to be loaded. @ https://res.volccdn.com/obj/volc-console-fe/vcopilot-entry/web/static/js/8199.b73ea5f4.js:1
[   38779ms] [ERROR] `volcfContext` not found, please use `waitForVolcf` to wait for volcf to be loaded. @ https://res.volccdn.com/obj/volc-console-fe/vcopilot-entry/web/static/js/8199.b73ea5f4.js:1
[   38785ms] [WARNING] Failed to execute 'postMessage' on 'DOMWindow': The target origin provided ('https://signin.volcengine.com') does not match the recipient window's origin ('https://www.volcengine.com'). @ https://res.volccdn.com/obj/volc-console-fe/vcopilot-entry/web/static/js/async/7585.fb588188.js:109
[   38786ms] [INFO] [ErrorRecommend][WebRuntimeGate] Resolved page error recommend gate {gate: Object, errorRecommendWhiteList: Array(0)} @ https://res.volccdn.com/obj/volc-console-fe/vcopilot-entry/web/static/js/async/1433.29c58a4f.js:47
[   38786ms] [INFO] [ErrorRecommend][Coordinator] Updating coordinator enabled state {href: https://www.volcengine.com/docs/6561/1167802?lang=zh, isTopWindow: true, payload: Object} @ https://res.volccdn.com/obj/volc-console-fe/vcopilot-entry/web/static/js/async/1433.29c58a4f.js:47
[   38787ms] [INFO] [ErrorRecommend][Coordinator] Updating coordinator enabled state {href: https://www.volcengine.com/docs/6561/1167802?lang=zh, isTopWindow: true, payload: Object} @ https://res.volccdn.com/obj/volc-console-fe/vcopilot-entry/web/static/js/async/1433.29c58a4f.js:47
[   38787ms] [INFO] [ErrorRecommend][Coordinator] Initializing page error recommend coordinator {href: https://www.volcengine.com/docs/6561/1167802?lang=zh, isTopWindow: true} @ https://res.volccdn.com/obj/volc-console-fe/vcopilot-entry/web/static/js/async/1433.29c58a4f.js:47
[   38787ms] [INFO] [ErrorRecommend][Coordinator] Disposing page error recommend coordinator {href: https://www.volcengine.com/docs/6561/1167802?lang=zh, isTopWindow: true} @ https://res.volccdn.com/obj/volc-console-fe/vcopilot-entry/web/static/js/async/1433.29c58a4f.js:47
[   38787ms] [INFO] [ErrorRecommend][Coordinator] Clearing current coordinator state {href: https://www.volcengine.com/docs/6561/1167802?lang=zh, isTopWindow: true, payload: Object} @ https://res.volccdn.com/obj/volc-console-fe/vcopilot-entry/web/static/js/async/1433.29c58a4f.js:47
[   38787ms] [INFO] [ErrorRecommend][WebRuntimeGate] Resolved page error recommend gate {gate: Object, errorRecommendWhiteList: Array(0)} @ https://res.volccdn.com/obj/volc-console-fe/vcopilot-entry/web/static/js/async/1433.29c58a4f.js:47
[   38787ms] [INFO] [ErrorRecommend][Coordinator] Updating coordinator enabled state {href: https://www.volcengine.com/docs/6561/1167802?lang=zh, isTopWindow: true, payload: Object} @ https://res.volccdn.com/obj/volc-console-fe/vcopilot-entry/web/static/js/async/1433.29c58a4f.js:47
[   38788ms] [WARNING] CommonJSONRPCProtocol: method vcopilot/set-ui-config already has request handler, override. @ https://res.volccdn.com/obj/volc-console-fe/vcopilot-entry/web/static/js/async/1433.29c58a4f.js:2
[   38788ms] [WARNING] CommonJSONRPCProtocol: method vcopilot/get-display-state already has request handler, override. @ https://res.volccdn.com/obj/volc-console-fe/vcopilot-entry/web/static/js/async/1433.29c58a4f.js:2
[   38788ms] [WARNING] CommonJSONRPCProtocol: method vcopilot/iframe/proxy-jsonrpc-notification already has notification handler, override. @ https://res.volccdn.com/obj/volc-console-fe/vcopilot-entry/web/static/js/async/1433.29c58a4f.js:2
[   38788ms] [INFO] [ErrorRecommend][Coordinator] Updating coordinator enabled state {href: https://www.volcengine.com/docs/6561/1167802?lang=zh, isTopWindow: true, payload: Object} @ https://res.volccdn.com/obj/volc-console-fe/vcopilot-entry/web/static/js/async/1433.29c58a4f.js:47
[   38788ms] [INFO] [ErrorRecommend][Coordinator] Initializing page error recommend coordinator {href: https://www.volcengine.com/docs/6561/1167802?lang=zh, isTopWindow: true} @ https://res.volccdn.com/obj/volc-console-fe/vcopilot-entry/web/static/js/async/1433.29c58a4f.js:47
[   38885ms] [WARNING] Failed to execute 'postMessage' on 'DOMWindow': The target origin provided ('https://signin.volcengine.com') does not match the recipient window's origin ('https://www.volcengine.com'). @ https://res.volccdn.com/obj/volc-console-fe/vcopilot-entry/web/static/js/async/7585.fb588188.js:109
[   38934ms] [TIMEEND] vcopilot-FastSigninInit: 151.94384765625 ms @ https://res.volccdn.com/obj/volc-console-fe/vcopilot-entry/web/static/js/async/1433.29c58a4f.js:36
[   39036ms] [INFO] [ErrorRecommend][WebRuntimeGate] Resolved page error recommend gate {gate: Object, errorRecommendWhiteList: Array(2)} @ https://res.volccdn.com/obj/volc-console-fe/vcopilot-entry/web/static/js/async/1433.29c58a4f.js:47
[   39036ms] [INFO] [ErrorRecommend][Coordinator] Updating coordinator enabled state {href: https://www.volcengine.com/docs/6561/1167802?lang=zh, isTopWindow: true, payload: Object} @ https://res.volccdn.com/obj/volc-console-fe/vcopilot-entry/web/static/js/async/1433.29c58a4f.js:47
[   39172ms] [INFO] [ErrorRecommend][WebRuntimeGate] Resolved page error recommend gate {gate: Object, errorRecommendWhiteList: Array(2)} @ https://res.volccdn.com/obj/volc-console-fe/vcopilot-entry/web/static/js/async/1433.29c58a4f.js:47
[   39173ms] [INFO] [ErrorRecommend][Coordinator] Updating coordinator enabled state {href: https://www.volcengine.com/docs/6561/1167802?lang=zh, isTopWindow: true, payload: Object} @ https://res.volccdn.com/obj/volc-console-fe/vcopilot-entry/web/static/js/async/1433.29c58a4f.js:47
[   41207ms] [LOG] - init tea async @ https://res.volccdn.com/obj/volc-console-fe/volc/web-data-sdk/1.0.0.46/cnSdk/initTeaSdk.js:12
[   41215ms] [ERROR] can no read vconsoleAppInfo from window object @ https://res.volccdn.com/obj/volc-console-fe/vconsole-vendors/volc-information.9d1c72b5.js:12
[   41216ms] [ERROR] can no read vconsoleAppInfo from window object @ https://res.volccdn.com/obj/volc-console-fe/vconsole-vendors/volc-information.9d1c72b5.js:12
[   41233ms] [INFO] [MonitorTracer] init successfully! version: 0.21.0 @ https://res.volccdn.com/obj/volc-console-fe/volc/web-data-sdk/1.0.0.46/cnSdk/initTeaSdk.js:6
[   41249ms] [ERROR] can no read vconsoleAppInfo from window object @ https://portal.volccdn.com/obj/volcfe-scm/doccenter/static/js/async/docs/(libid)/(docid$)/page.05aa2cb9.js:1
[   41548ms] [LOG] libraGroup=====> undefined @ https://portal.volccdn.com/obj/volcfe-scm/doccenter/static/js/main.f4903a29.js:0
[   41554ms] [LOG] libraGroup=====> ctrst_grp @ https://portal.volccdn.com/obj/volcfe-scm/doccenter/static/js/main.f4903a29.js:0
[   41556ms] [LOG] {} affixProps @ https://portal.volccdn.com/obj/volcfe-scm/doccenter/static/js/async/docs/(libid)/(docid$)/page.05aa2cb9.js:1
[   41610ms] [LOG] libraGroup=====> ctrst_grp @ https://portal.volccdn.com/obj/volcfe-scm/doccenter/static/js/main.f4903a29.js:0
[   41611ms] [LOG] {} affixProps @ https://portal.volccdn.com/obj/volcfe-scm/doccenter/static/js/async/docs/(libid)/(docid$)/page.05aa2cb9.js:1
[   41614ms] [WARNING] The web fetch in browser environment has not psm field @ https://portal.volccdn.com/obj/volcfe-scm/doccenter/static/js/380.ff451302.js:1
[   41614ms] [WARNING] The web fetch in browser environment has not psm field @ https://portal.volccdn.com/obj/volcfe-scm/doccenter/static/js/380.ff451302.js:1
[   41666ms] [LOG] {} affixProps @ https://portal.volccdn.com/obj/volcfe-scm/doccenter/static/js/async/docs/(libid)/(docid$)/page.05aa2cb9.js:1
[   41666ms] [WARNING] The web fetch in browser environment has not psm field @ https://portal.volccdn.com/obj/volcfe-scm/doccenter/static/js/380.ff451302.js:1
[   41700ms] [ERROR] Failed to load resource: the server responded with a status of 401 () @ https://console.volcengine.com/api/passport/account/getUser:0
[   41795ms] [LOG] {} affixProps @ https://portal.volccdn.com/obj/volcfe-scm/doccenter/static/js/async/docs/(libid)/(docid$)/page.05aa2cb9.js:1
[   41811ms] [LOG] libraGroup=====> ctrst_grp @ https://portal.volccdn.com/obj/volcfe-scm/doccenter/static/js/main.f4903a29.js:0
[   41834ms] [LOG] {} affixProps @ https://portal.volccdn.com/obj/volcfe-scm/doccenter/static/js/async/docs/(libid)/(docid$)/page.05aa2cb9.js:1
[   42006ms] [LOG] ========= undefined @ https://portal.volccdn.com/obj/volcfe-scm/doccenter/static/js/main.f4903a29.js:0
[   42013ms] [ERROR] can no read vconsoleAppInfo from window object @ https://res.volccdn.com/obj/volc-console-fe/vcopilot-entry/web/static/js/8199.b73ea5f4.js:1
[   42061ms] [ERROR] can no read vconsoleAppInfo from window object @ https://res.volccdn.com/obj/volc-console-fe/vcopilot-entry/web/static/js/async/7585.fb588188.js:109
[   42140ms] [ERROR] `volcfContext` not found, please use `waitForVolcf` to wait for volcf to be loaded. @ https://res.volccdn.com/obj/volc-console-fe/vcopilot-entry/web/static/js/8199.b73ea5f4.js:1
[   42140ms] [ERROR] `volcfContext` not found, please use `waitForVolcf` to wait for volcf to be loaded. @ https://res.volccdn.com/obj/volc-console-fe/vcopilot-entry/web/static/js/8199.b73ea5f4.js:1
[   42145ms] [WARNING] Failed to execute 'postMessage' on 'DOMWindow': The target origin provided ('https://signin.volcengine.com') does not match the recipient window's origin ('https://www.volcengine.com'). @ https://res.volccdn.com/obj/volc-console-fe/vcopilot-entry/web/static/js/async/7585.fb588188.js:109
[   42146ms] [INFO] [ErrorRecommend][WebRuntimeGate] Resolved page error recommend gate {gate: Object, errorRecommendWhiteList: Array(0)} @ https://res.volccdn.com/obj/volc-console-fe/vcopilot-entry/web/static/js/async/1433.29c58a4f.js:47
[   42146ms] [INFO] [ErrorRecommend][Coordinator] Updating coordinator enabled state {href: https://www.volcengine.com/docs/6561/1871062?lang=zh, isTopWindow: true, payload: Object} @ https://res.volccdn.com/obj/volc-console-fe/vcopilot-entry/web/static/js/async/1433.29c58a4f.js:47
[   42146ms] [INFO] [ErrorRecommend][Coordinator] Updating coordinator enabled state {href: https://www.volcengine.com/docs/6561/1871062?lang=zh, isTopWindow: true, payload: Object} @ https://res.volccdn.com/obj/volc-console-fe/vcopilot-entry/web/static/js/async/1433.29c58a4f.js:47
[   42146ms] [INFO] [ErrorRecommend][Coordinator] Initializing page error recommend coordinator {href: https://www.volcengine.com/docs/6561/1871062?lang=zh, isTopWindow: true} @ https://res.volccdn.com/obj/volc-console-fe/vcopilot-entry/web/static/js/async/1433.29c58a4f.js:47
[   42147ms] [INFO] [ErrorRecommend][Coordinator] Disposing page error recommend coordinator {href: https://www.volcengine.com/docs/6561/1871062?lang=zh, isTopWindow: true} @ https://res.volccdn.com/obj/volc-console-fe/vcopilot-entry/web/static/js/async/1433.29c58a4f.js:47
[   42147ms] [INFO] [ErrorRecommend][Coordinator] Clearing current coordinator state {href: https://www.volcengine.com/docs/6561/1871062?lang=zh, isTopWindow: true, payload: Object} @ https://res.volccdn.com/obj/volc-console-fe/vcopilot-entry/web/static/js/async/1433.29c58a4f.js:47
[   42147ms] [INFO] [ErrorRecommend][WebRuntimeGate] Resolved page error recommend gate {gate: Object, errorRecommendWhiteList: Array(0)} @ https://res.volccdn.com/obj/volc-console-fe/vcopilot-entry/web/static/js/async/1433.29c58a4f.js:47
[   42147ms] [INFO] [ErrorRecommend][Coordinator] Updating coordinator enabled state {href: https://www.volcengine.com/docs/6561/1871062?lang=zh, isTopWindow: true, payload: Object} @ https://res.volccdn.com/obj/volc-console-fe/vcopilot-entry/web/static/js/async/1433.29c58a4f.js:47
[   42147ms] [WARNING] CommonJSONRPCProtocol: method vcopilot/set-ui-config already has request handler, override. @ https://res.volccdn.com/obj/volc-console-fe/vcopilot-entry/web/static/js/async/1433.29c58a4f.js:2
[   42147ms] [WARNING] CommonJSONRPCProtocol: method vcopilot/get-display-state already has request handler, override. @ https://res.volccdn.com/obj/volc-console-fe/vcopilot-entry/web/static/js/async/1433.29c58a4f.js:2
[   42147ms] [WARNING] CommonJSONRPCProtocol: method vcopilot/iframe/proxy-jsonrpc-notification already has notification handler, override. @ https://res.volccdn.com/obj/volc-console-fe/vcopilot-entry/web/static/js/async/1433.29c58a4f.js:2
[   42147ms] [INFO] [ErrorRecommend][Coordinator] Updating coordinator enabled state {href: https://www.volcengine.com/docs/6561/1871062?lang=zh, isTopWindow: true, payload: Object} @ https://res.volccdn.com/obj/volc-console-fe/vcopilot-entry/web/static/js/async/1433.29c58a4f.js:47
[   42147ms] [INFO] [ErrorRecommend][Coordinator] Initializing page error recommend coordinator {href: https://www.volcengine.com/docs/6561/1871062?lang=zh, isTopWindow: true} @ https://res.volccdn.com/obj/volc-console-fe/vcopilot-entry/web/static/js/async/1433.29c58a4f.js:47
[   42244ms] [WARNING] Failed to execute 'postMessage' on 'DOMWindow': The target origin provided ('https://signin.volcengine.com') does not match the recipient window's origin ('https://www.volcengine.com'). @ https://res.volccdn.com/obj/volc-console-fe/vcopilot-entry/web/static/js/async/7585.fb588188.js:109
[   42377ms] [TIMEEND] vcopilot-FastSigninInit: 233.489013671875 ms @ https://res.volccdn.com/obj/volc-console-fe/vcopilot-entry/web/static/js/async/1433.29c58a4f.js:36
[   42402ms] [INFO] [ErrorRecommend][WebRuntimeGate] Resolved page error recommend gate {gate: Object, errorRecommendWhiteList: Array(2)} @ https://res.volccdn.com/obj/volc-console-fe/vcopilot-entry/web/static/js/async/1433.29c58a4f.js:47
[   42402ms] [INFO] [ErrorRecommend][Coordinator] Updating coordinator enabled state {href: https://www.volcengine.com/docs/6561/1871062?lang=zh, isTopWindow: true, payload: Object} @ https://res.volccdn.com/obj/volc-console-fe/vcopilot-entry/web/static/js/async/1433.29c58a4f.js:47
[   42612ms] [INFO] [ErrorRecommend][WebRuntimeGate] Resolved page error recommend gate {gate: Object, errorRecommendWhiteList: Array(2)} @ https://res.volccdn.com/obj/volc-console-fe/vcopilot-entry/web/static/js/async/1433.29c58a4f.js:47
[   42613ms] [INFO] [ErrorRecommend][Coordinator] Updating coordinator enabled state {href: https://www.volcengine.com/docs/6561/1871062?lang=zh, isTopWindow: true, payload: Object} @ https://res.volccdn.com/obj/volc-console-fe/vcopilot-entry/web/static/js/async/1433.29c58a4f.js:47
