[    3451ms] [LOG] - init tea async @ https://res.volccdn.com/obj/volc-console-fe/volc/web-data-sdk/1.0.0.46/cnSdk/initTeaSdk.js:12
[    3498ms] [ERROR] can no read vconsoleAppInfo from window object @ https://res.volccdn.com/obj/volc-console-fe/vconsole-vendors/volc-information.9d1c72b5.js:12
[    3501ms] [ERROR] can no read vconsoleAppInfo from window object @ https://res.volccdn.com/obj/volc-console-fe/vconsole-vendors/volc-information.9d1c72b5.js:12
[    3844ms] [ERROR] can no read vconsoleAppInfo from window object @ https://portal.volccdn.com/obj/volcfe-scm/doccenter/static/js/async/docs/(libid)/(docid$)/page.05aa2cb9.js:1
[    3850ms] [INFO] [MonitorTracer] init successfully! version: 0.21.0 @ https://res.volccdn.com/obj/volc-console-fe/volc/web-data-sdk/1.0.0.46/cnSdk/initTeaSdk.js:6
[    4115ms] [LOG] libraGroup=====> undefined @ https://portal.volccdn.com/obj/volcfe-scm/doccenter/static/js/main.f4903a29.js:0
[    4142ms] [LOG] {} affixProps @ https://portal.volccdn.com/obj/volcfe-scm/doccenter/static/js/async/docs/(libid)/(docid$)/page.05aa2cb9.js:1
[    4249ms] [WARNING] The web fetch in browser environment has not psm field @ https://portal.volccdn.com/obj/volcfe-scm/doccenter/static/js/380.ff451302.js:1
[    4250ms] [WARNING] The web fetch in browser environment has not psm field @ https://portal.volccdn.com/obj/volcfe-scm/doccenter/static/js/380.ff451302.js:1
[    4255ms] [LOG] {} affixProps @ https://portal.volccdn.com/obj/volcfe-scm/doccenter/static/js/async/docs/(libid)/(docid$)/page.05aa2cb9.js:1
[    4281ms] [LOG] libraGroup=====> ctrst_grp @ https://portal.volccdn.com/obj/volcfe-scm/doccenter/static/js/main.f4903a29.js:0
[    4419ms] [LOG] {} affixProps @ https://portal.volccdn.com/obj/volcfe-scm/doccenter/static/js/async/docs/(libid)/(docid$)/page.05aa2cb9.js:1
[    4419ms] [WARNING] The web fetch in browser environment has not psm field @ https://portal.volccdn.com/obj/volcfe-scm/doccenter/static/js/380.ff451302.js:1
[    4600ms] [LOG] {} affixProps @ https://portal.volccdn.com/obj/volcfe-scm/doccenter/static/js/async/docs/(libid)/(docid$)/page.05aa2cb9.js:1
[    4663ms] [LOG] {} affixProps @ https://portal.volccdn.com/obj/volcfe-scm/doccenter/static/js/async/docs/(libid)/(docid$)/page.05aa2cb9.js:1
[    5040ms] [LOG] libraGroup=====> ctrst_grp @ https://portal.volccdn.com/obj/volcfe-scm/doccenter/static/js/main.f4903a29.js:0
[    5186ms] [ERROR] Failed to load resource: the server responded with a status of 401 () @ https://console.volcengine.com/api/passport/account/getUser:0
[    5341ms] [LOG] ========= undefined @ https://portal.volccdn.com/obj/volcfe-scm/doccenter/static/js/main.f4903a29.js:0
[    5458ms] [ERROR] can no read vconsoleAppInfo from window object @ https://res.volccdn.com/obj/volc-console-fe/vcopilot-entry/web/static/js/8199.b73ea5f4.js:1
[    5771ms] [ERROR] can no read vconsoleAppInfo from window object @ https://res.volccdn.com/obj/volc-console-fe/vcopilot-entry/web/static/js/async/7585.fb588188.js:109
[    5876ms] [ERROR] `volcfContext` not found, please use `waitForVolcf` to wait for volcf to be loaded. @ https://res.volccdn.com/obj/volc-console-fe/vcopilot-entry/web/static/js/8199.b73ea5f4.js:1
[    5876ms] [ERROR] `volcfContext` not found, please use `waitForVolcf` to wait for volcf to be loaded. @ https://res.volccdn.com/obj/volc-console-fe/vcopilot-entry/web/static/js/8199.b73ea5f4.js:1
[    5885ms] [WARNING] Failed to execute 'postMessage' on 'DOMWindow': The target origin provided ('https://signin.volcengine.com') does not match the recipient window's origin ('https://www.volcengine.com'). @ https://res.volccdn.com/obj/volc-console-fe/vcopilot-entry/web/static/js/async/7585.fb588188.js:109
[    5889ms] [INFO] [ErrorRecommend][WebRuntimeGate] Resolved page error recommend gate {gate: Object, errorRecommendWhiteList: Array(0)} @ https://res.volccdn.com/obj/volc-console-fe/vcopilot-entry/web/static/js/async/1433.29c58a4f.js:47
[    5890ms] [INFO] [ErrorRecommend][Coordinator] Updating coordinator enabled state {href: https://www.volcengine.com/docs/6561/1257584?lang=zh, isTopWindow: true, payload: Object} @ https://res.volccdn.com/obj/volc-console-fe/vcopilot-entry/web/static/js/async/1433.29c58a4f.js:47
[    5890ms] [INFO] [ErrorRecommend][Coordinator] Updating coordinator enabled state {href: https://www.volcengine.com/docs/6561/1257584?lang=zh, isTopWindow: true, payload: Object} @ https://res.volccdn.com/obj/volc-console-fe/vcopilot-entry/web/static/js/async/1433.29c58a4f.js:47
[    5891ms] [INFO] [ErrorRecommend][Coordinator] Initializing page error recommend coordinator {href: https://www.volcengine.com/docs/6561/1257584?lang=zh, isTopWindow: true} @ https://res.volccdn.com/obj/volc-console-fe/vcopilot-entry/web/static/js/async/1433.29c58a4f.js:47
[    5893ms] [INFO] [ErrorRecommend][Coordinator] Disposing page error recommend coordinator {href: https://www.volcengine.com/docs/6561/1257584?lang=zh, isTopWindow: true} @ https://res.volccdn.com/obj/volc-console-fe/vcopilot-entry/web/static/js/async/1433.29c58a4f.js:47
[    5893ms] [INFO] [ErrorRecommend][Coordinator] Clearing current coordinator state {href: https://www.volcengine.com/docs/6561/1257584?lang=zh, isTopWindow: true, payload: Object} @ https://res.volccdn.com/obj/volc-console-fe/vcopilot-entry/web/static/js/async/1433.29c58a4f.js:47
[    5893ms] [INFO] [ErrorRecommend][WebRuntimeGate] Resolved page error recommend gate {gate: Object, errorRecommendWhiteList: Array(0)} @ https://res.volccdn.com/obj/volc-console-fe/vcopilot-entry/web/static/js/async/1433.29c58a4f.js:47
[    5893ms] [INFO] [ErrorRecommend][Coordinator] Updating coordinator enabled state {href: https://www.volcengine.com/docs/6561/1257584?lang=zh, isTopWindow: true, payload: Object} @ https://res.volccdn.com/obj/volc-console-fe/vcopilot-entry/web/static/js/async/1433.29c58a4f.js:47
[    5893ms] [WARNING] CommonJSONRPCProtocol: method vcopilot/set-ui-config already has request handler, override. @ https://res.volccdn.com/obj/volc-console-fe/vcopilot-entry/web/static/js/async/1433.29c58a4f.js:2
[    5893ms] [WARNING] CommonJSONRPCProtocol: method vcopilot/get-display-state already has request handler, override. @ https://res.volccdn.com/obj/volc-console-fe/vcopilot-entry/web/static/js/async/1433.29c58a4f.js:2
[    5893ms] [WARNING] CommonJSONRPCProtocol: method vcopilot/iframe/proxy-jsonrpc-notification already has notification handler, override. @ https://res.volccdn.com/obj/volc-console-fe/vcopilot-entry/web/static/js/async/1433.29c58a4f.js:2
[    5894ms] [INFO] [ErrorRecommend][Coordinator] Updating coordinator enabled state {href: https://www.volcengine.com/docs/6561/1257584?lang=zh, isTopWindow: true, payload: Object} @ https://res.volccdn.com/obj/volc-console-fe/vcopilot-entry/web/static/js/async/1433.29c58a4f.js:47
[    5894ms] [INFO] [ErrorRecommend][Coordinator] Initializing page error recommend coordinator {href: https://www.volcengine.com/docs/6561/1257584?lang=zh, isTopWindow: true} @ https://res.volccdn.com/obj/volc-console-fe/vcopilot-entry/web/static/js/async/1433.29c58a4f.js:47
[    5983ms] [WARNING] Failed to execute 'postMessage' on 'DOMWindow': The target origin provided ('https://signin.volcengine.com') does not match the recipient window's origin ('https://www.volcengine.com'). @ https://res.volccdn.com/obj/volc-console-fe/vcopilot-entry/web/static/js/async/7585.fb588188.js:109
[    6081ms] [INFO] [ErrorRecommend][WebRuntimeGate] Resolved page error recommend gate {gate: Object, errorRecommendWhiteList: Array(2)} @ https://res.volccdn.com/obj/volc-console-fe/vcopilot-entry/web/static/js/async/1433.29c58a4f.js:47
[    6081ms] [INFO] [ErrorRecommend][Coordinator] Updating coordinator enabled state {href: https://www.volcengine.com/docs/6561/1257584?lang=zh, isTopWindow: true, payload: Object} @ https://res.volccdn.com/obj/volc-console-fe/vcopilot-entry/web/static/js/async/1433.29c58a4f.js:47
[    6185ms] [WARNING] Failed to execute 'postMessage' on 'DOMWindow': The target origin provided ('https://signin.volcengine.com') does not match the recipient window's origin ('https://www.volcengine.com'). @ https://res.volccdn.com/obj/volc-console-fe/vcopilot-entry/web/static/js/async/7585.fb588188.js:109
[    6221ms] [INFO] [ErrorRecommend][WebRuntimeGate] Resolved page error recommend gate {gate: Object, errorRecommendWhiteList: Array(2)} @ https://res.volccdn.com/obj/volc-console-fe/vcopilot-entry/web/static/js/async/1433.29c58a4f.js:47
[    6221ms] [INFO] [ErrorRecommend][Coordinator] Updating coordinator enabled state {href: https://www.volcengine.com/docs/6561/1257584?lang=zh, isTopWindow: true, payload: Object} @ https://res.volccdn.com/obj/volc-console-fe/vcopilot-entry/web/static/js/async/1433.29c58a4f.js:47
[    6472ms] [TIMEEND] vcopilot-FastSigninInit: 590.305908203125 ms @ https://res.volccdn.com/obj/volc-console-fe/vcopilot-entry/web/static/js/async/1433.29c58a4f.js:36
